Archive member included to satisfy reference by file (symbol)

d:/gcc-arm/102021~1.10/bin/../lib/gcc/arm-none-eabi/10.3.1/thumb/v7e-m+fp/hard\libgcc.a(_arm_muldf3.o)
                              CMakeFiles/ADC+DMA+DSP.elf.dir/CMSIS/DSP/Src/BasicMathFunctions/BasicMathFunctions.c.obj (__aeabi_dmul)
d:/gcc-arm/102021~1.10/bin/../lib/gcc/arm-none-eabi/10.3.1/thumb/v7e-m+fp/hard\libgcc.a(_arm_addsubdf3.o)
                              CMakeFiles/ADC+DMA+DSP.elf.dir/CMSIS/DSP/Src/BasicMathFunctions/BasicMathFunctions.c.obj (__aeabi_dsub)
d:/gcc-arm/102021~1.10/bin/../lib/gcc/arm-none-eabi/10.3.1/thumb/v7e-m+fp/hard\libgcc.a(_arm_muldivdf3.o)
                              CMakeFiles/ADC+DMA+DSP.elf.dir/CMSIS/DSP/Src/TransformFunctions/TransformFunctions.c.obj (__aeabi_ddiv)
d:/gcc-arm/102021~1.10/bin/../lib/gcc/arm-none-eabi/10.3.1/thumb/v7e-m+fp/hard\libgcc.a(_arm_cmpdf2.o)
                              CMakeFiles/ADC+DMA+DSP.elf.dir/CMSIS/DSP/Src/WindowFunctions/WindowFunctions.c.obj (__aeabi_dcmpgt)
d:/gcc-arm/102021~1.10/bin/../lib/gcc/arm-none-eabi/10.3.1/thumb/v7e-m+fp/hard\libgcc.a(_arm_truncdfsf2.o)
                              CMakeFiles/ADC+DMA+DSP.elf.dir/Core/Src/main.c.obj (__aeabi_d2f)
d:/gcc-arm/102021~1.10/bin/../lib/gcc/arm-none-eabi/10.3.1/thumb/v7e-m+fp/hard\libgcc.a(_aeabi_uldivmod.o)
                              CMakeFiles/ADC+DMA+DSP.elf.dir/Drivers/STM32F4xx_HAL_Driver/Src/stm32f4xx_hal_rcc.c.obj (__aeabi_uldivmod)
d:/gcc-arm/102021~1.10/bin/../lib/gcc/arm-none-eabi/10.3.1/thumb/v7e-m+fp/hard\libgcc.a(_udivmoddi4.o)
                              d:/gcc-arm/102021~1.10/bin/../lib/gcc/arm-none-eabi/10.3.1/thumb/v7e-m+fp/hard\libgcc.a(_aeabi_uldivmod.o) (__udivmoddi4)
d:/gcc-arm/102021~1.10/bin/../lib/gcc/arm-none-eabi/10.3.1/thumb/v7e-m+fp/hard\libgcc.a(_dvmd_tls.o)
                              d:/gcc-arm/102021~1.10/bin/../lib/gcc/arm-none-eabi/10.3.1/thumb/v7e-m+fp/hard\libgcc.a(_aeabi_uldivmod.o) (__aeabi_ldiv0)
d:/gcc-arm/102021~1.10/bin/../lib/gcc/arm-none-eabi/10.3.1/../../../../arm-none-eabi/lib/thumb/v7e-m+fp/hard\libg.a(lib_a-errno.o)
                              CMakeFiles/ADC+DMA+DSP.elf.dir/Core/Src/retarget.c.obj (__errno)
d:/gcc-arm/102021~1.10/bin/../lib/gcc/arm-none-eabi/10.3.1/../../../../arm-none-eabi/lib/thumb/v7e-m+fp/hard\libg.a(lib_a-exit.o)
                              d:/gcc-arm/102021~1.10/bin/../lib/gcc/arm-none-eabi/10.3.1/../../../../arm-none-eabi/lib/thumb/v7e-m+fp/hard/crt0.o (exit)
d:/gcc-arm/102021~1.10/bin/../lib/gcc/arm-none-eabi/10.3.1/../../../../arm-none-eabi/lib/thumb/v7e-m+fp/hard\libg.a(lib_a-impure.o)
                              d:/gcc-arm/102021~1.10/bin/../lib/gcc/arm-none-eabi/10.3.1/../../../../arm-none-eabi/lib/thumb/v7e-m+fp/hard\libg.a(lib_a-exit.o) (_global_impure_ptr)
d:/gcc-arm/102021~1.10/bin/../lib/gcc/arm-none-eabi/10.3.1/../../../../arm-none-eabi/lib/thumb/v7e-m+fp/hard\libg.a(lib_a-init.o)
                              d:/gcc-arm/102021~1.10/bin/../lib/gcc/arm-none-eabi/10.3.1/../../../../arm-none-eabi/lib/thumb/v7e-m+fp/hard/crt0.o (__libc_init_array)
d:/gcc-arm/102021~1.10/bin/../lib/gcc/arm-none-eabi/10.3.1/../../../../arm-none-eabi/lib/thumb/v7e-m+fp/hard\libg.a(lib_a-memset.o)
                              d:/gcc-arm/102021~1.10/bin/../lib/gcc/arm-none-eabi/10.3.1/../../../../arm-none-eabi/lib/thumb/v7e-m+fp/hard/crt0.o (memset)
d:/gcc-arm/102021~1.10/bin/../lib/gcc/arm-none-eabi/10.3.1/../../../../arm-none-eabi/lib/thumb/v7e-m+fp/hard\libg.a(lib_a-printf.o)
                              CMakeFiles/ADC+DMA+DSP.elf.dir/Core/Src/main.c.obj (printf)
d:/gcc-arm/102021~1.10/bin/../lib/gcc/arm-none-eabi/10.3.1/../../../../arm-none-eabi/lib/thumb/v7e-m+fp/hard\libg.a(lib_a-setvbuf.o)
                              CMakeFiles/ADC+DMA+DSP.elf.dir/Core/Src/retarget.c.obj (setvbuf)
d:/gcc-arm/102021~1.10/bin/../lib/gcc/arm-none-eabi/10.3.1/../../../../arm-none-eabi/lib/thumb/v7e-m+fp/hard\libg.a(lib_a-vfprintf.o)
                              d:/gcc-arm/102021~1.10/bin/../lib/gcc/arm-none-eabi/10.3.1/../../../../arm-none-eabi/lib/thumb/v7e-m+fp/hard\libg.a(lib_a-printf.o) (_vfprintf_r)
d:/gcc-arm/102021~1.10/bin/../lib/gcc/arm-none-eabi/10.3.1/../../../../arm-none-eabi/lib/thumb/v7e-m+fp/hard\libg.a(lib_a-wsetup.o)
                              d:/gcc-arm/102021~1.10/bin/../lib/gcc/arm-none-eabi/10.3.1/../../../../arm-none-eabi/lib/thumb/v7e-m+fp/hard\libg.a(lib_a-vfprintf.o) (__swsetup_r)
d:/gcc-arm/102021~1.10/bin/../lib/gcc/arm-none-eabi/10.3.1/../../../../arm-none-eabi/lib/thumb/v7e-m+fp/hard\libg.a(lib_a-__call_atexit.o)
                              d:/gcc-arm/102021~1.10/bin/../lib/gcc/arm-none-eabi/10.3.1/../../../../arm-none-eabi/lib/thumb/v7e-m+fp/hard\libg.a(lib_a-exit.o) (__call_exitprocs)
d:/gcc-arm/102021~1.10/bin/../lib/gcc/arm-none-eabi/10.3.1/../../../../arm-none-eabi/lib/thumb/v7e-m+fp/hard\libg.a(lib_a-atexit.o)
[...]
Memory Configuration

Name             Origin             Length             Attributes
RAM              0x20000000         0x00020000         xrw
CCMRAM           0x10000000         0x00010000         xrw
FLASH            0x08000000         0x00080000         xr
*default*        0x00000000         0xffffffff

Linker script and memory map

LOAD d:/gcc-arm/102021~1.10/bin/../lib/gcc/arm-none-eabi/10.3.1/thumb/v7e-m+fp/hard/crti.o
LOAD d:/gcc-arm/102021~1.10/bin/../lib/gcc/arm-none-eabi/10.3.1/thumb/v7e-m+fp/hard/crtbegin.o
LOAD d:/gcc-arm/102021~1.10/bin/../lib/gcc/arm-none-eabi/10.3.1/../../../../arm-none-eabi/lib/thumb/v7e-m+fp/hard/crt0.o
LOAD CMakeFiles/ADC+DMA+DSP.elf.dir/CMSIS/DSP/Src/BasicMathFunctions/BasicMathFunctions.c.obj
LOAD CMakeFiles/ADC+DMA+DSP.elf.dir/CMSIS/DSP/Src/CommonTables/CommonTables.c.obj
LOAD CMakeFiles/ADC+DMA+DSP.elf.dir/CMSIS/DSP/Src/ComplexMathFunctions/ComplexMathFunctions.c.obj
LOAD CMakeFiles/ADC+DMA+DSP.elf.dir/CMSIS/DSP/Src/SVMFunctions/SVMFunctions.c.obj
LOAD CMakeFiles/ADC+DMA+DSP.elf.dir/CMSIS/DSP/Src/TransformFunctions/TransformFunctions.c.obj
LOAD CMakeFiles/ADC+DMA+DSP.elf.dir/CMSIS/DSP/Src/WindowFunctions/WindowFunctions.c.obj
LOAD CMakeFiles/ADC+DMA+DSP.elf.dir/Core/Src/adc.c.obj
LOAD CMakeFiles/ADC+DMA+DSP.elf.dir/Core/Src/dma.c.obj
LOAD CMakeFiles/ADC+DMA+DSP.elf.dir/Core/Src/gpio.c.obj
LOAD CMakeFiles/ADC+DMA+DSP.elf.dir/Core/Src/main.c.obj
LOAD CMakeFiles/ADC+DMA+DSP.elf.dir/Core/Src/retarget.c.obj
LOAD CMakeFiles/ADC+DMA+DSP.elf.dir/Core/Src/stm32f4xx_hal_msp.c.obj
LOAD CMakeFiles/ADC+DMA+DSP.elf.dir/Core/Src/stm32f4xx_it.c.obj
LOAD CMakeFiles/ADC+DMA+DSP.elf.dir/Core/Src/syscalls.c.obj
LOAD CMakeFiles/ADC+DMA+DSP.elf.dir/Core/Src/system_stm32f4xx.c.obj
LOAD CMakeFiles/ADC+DMA+DSP.elf.dir/Core/Src/tim.c.obj
LOAD CMakeFiles/ADC+DMA+DSP.elf.dir/Core/Src/usart.c.obj
LOAD CMakeFiles/ADC+DMA+DSP.elf.dir/Drivers/STM32F4xx_HAL_Driver/Src/stm32f4xx_hal.c.obj
LOAD CMakeFiles/ADC+DMA+DSP.elf.dir/Drivers/STM32F4xx_HAL_Driver/Src/stm32f4xx_hal_adc.c.obj
LOAD CMakeFiles/ADC+DMA+DSP.elf.dir/Drivers/STM32F4xx_HAL_Driver/Src/stm32f4xx_hal_adc_ex.c.obj
LOAD CMakeFiles/ADC+DMA+DSP.elf.dir/Drivers/STM32F4xx_HAL_Driver/Src/stm32f4xx_hal_cortex.c.obj
LOAD CMakeFiles/ADC+DMA+DSP.elf.dir/Drivers/STM32F4xx_HAL_Driver/Src/stm32f4xx_hal_dma.c.obj
LOAD CMakeFiles/ADC+DMA+DSP.elf.dir/Drivers/STM32F4xx_HAL_Driver/Src/stm32f4xx_hal_dma_ex.c.obj
LOAD CMakeFiles/ADC+DMA+DSP.elf.dir/Drivers/STM32F4xx_HAL_Driver/Src/stm32f4xx_hal_exti.c.obj
LOAD CMakeFiles/ADC+DMA+DSP.elf.dir/Drivers/STM32F4xx_HAL_Driver/Src/stm32f4xx_hal_flash.c.obj
LOAD CMakeFiles/ADC+DMA+DSP.elf.dir/Drivers/STM32F4xx_HAL_Driver/Src/stm32f4xx_hal_flash_ex.c.obj
LOAD CMakeFiles/ADC+DMA+DSP.elf.dir/Drivers/STM32F4xx_HAL_Driver/Src/stm32f4xx_hal_flash_ramfunc.c.obj
LOAD CMakeFiles/ADC+DMA+DSP.elf.dir/Drivers/STM32F4xx_HAL_Driver/Src/stm32f4xx_hal_gpio.c.obj
LOAD CMakeFiles/ADC+DMA+DSP.elf.dir/Drivers/STM32F4xx_HAL_Driver/Src/stm32f4xx_hal_pwr.c.obj
LOAD CMakeFiles/ADC+DMA+DSP.elf.dir/Drivers/STM32F4xx_HAL_Driver/Src/stm32f4xx_hal_pwr_ex.c.obj
LOAD CMakeFiles/ADC+DMA+DSP.elf.dir/Drivers/STM32F4xx_HAL_Driver/Src/stm32f4xx_hal_rcc.c.obj
LOAD CMakeFiles/ADC+DMA+DSP.elf.dir/Drivers/STM32F4xx_HAL_Driver/Src/stm32f4xx_hal_rcc_ex.c.obj
LOAD CMakeFiles/ADC+DMA+DSP.elf.dir/Drivers/STM32F4xx_HAL_Driver/Src/stm32f4xx_hal_tim.c.obj
LOAD CMakeFiles/ADC+DMA+DSP.elf.dir/Drivers/STM32F4xx_HAL_Driver/Src/stm32f4xx_hal_tim_ex.c.obj
LOAD CMakeFiles/ADC+DMA+DSP.elf.dir/Drivers/STM32F4xx_HAL_Driver/Src/stm32f4xx_hal_uart.c.obj
LOAD CMakeFiles/ADC+DMA+DSP.elf.dir/Drivers/STM32F4xx_HAL_Driver/Src/stm32f4xx_ll_adc.c.obj
LOAD CMakeFiles/ADC+DMA+DSP.elf.dir/startup/startup_stm32f407xx.s.obj
START GROUP
LOAD d:/gcc-arm/102021~1.10/bin/../lib/gcc/arm-none-eabi/10.3.1/thumb/v7e-m+fp/hard\libgcc.a
LOAD d:/gcc-arm/102021~1.10/bin/../lib/gcc/arm-none-eabi/10.3.1/../../../../arm-none-eabi/lib/thumb/v7e-m+fp/hard\libg.a
LOAD d:/gcc-arm/102021~1.10/bin/../lib/gcc/arm-none-eabi/10.3.1/../../../../arm-none-eabi/lib/thumb/v7e-m+fp/hard\libc.a
END GROUP
LOAD d:/gcc-arm/102021~1.10/bin/../lib/gcc/arm-none-eabi/10.3.1/thumb/v7e-m+fp/hard/crtend.o
LOAD d:/gcc-arm/102021~1.10/bin/../lib/gcc/arm-none-eabi/10.3.1/thumb/v7e-m+fp/hard/crtn.o
                0x20020000                _estack = (ORIGIN (RAM) + LENGTH (RAM))
                0x00000200                _Min_Heap_Size = 0x200
                0x00000400                _Min_Stack_Size = 0x400

.isr_vector     0x08000000      0x188
                0x08000000                . = ALIGN (0x4)
 *(.isr_vector)
 .isr_vector    0x08000000      0x188 CMakeFiles/ADC+DMA+DSP.elf.dir/startup/startup_stm32f407xx.s.obj
                0x08000000                g_pfnVectors
                0x08000188                . = ALIGN (0x4)

.text           0x080001c0     0xaa54
                0x080001c0                . = ALIGN (0x4)
 *(.text)
 .text          0x080001c0       0x40 d:/gcc-arm/102021~1.10/bin/../lib/gcc/arm-none-eabi/10.3.1/thumb/v7e-m+fp/hard/crtbegin.o
 .text          0x08000200      0x378 d:/gcc-arm/102021~1.10/bin/../lib/gcc/arm-none-eabi/10.3.1/thumb/v7e-m+fp/hard\libgcc.a(_arm_addsubdf3.o)
                0x08000200                __aeabi_drsub
                0x08000208                __aeabi_dsub
                0x08000208                __subdf3
                0x0800020c                __aeabi_dadd
                0x0800020c                __adddf3
                0x08000484                __floatunsidf
                0x08000484                __aeabi_ui2d
                0x080004a4                __floatsidf
                0x080004a4                __aeabi_i2d
                0x080004c8                __aeabi_f2d
                0x080004c8                __extendsfdf2
                0x0800050c                __floatundidf
                0x0800050c                __aeabi_ul2d
                0x0800051c                __floatdidf
                0x0800051c                __aeabi_l2d
 .text          0x08000578      0x424 d:/gcc-arm/102021~1.10/bin/../lib/gcc/arm-none-eabi/10.3.1/thumb/v7e-m+fp/hard\libgcc.a(_arm_muldivdf3.o)
                0x08000578                __aeabi_dmul
                0x08000578                __muldf3
                0x080007cc                __divdf3
                0x080007cc                __aeabi_ddiv
 .text          0x0800099c      0x110 d:/gcc-arm/102021~1.10/bin/../lib/gcc/arm-none-eabi/10.3.1/thumb/v7e-m+fp/hard\libgcc.a(_arm_cmpdf2.o)
                0x0800099c                __gtdf2
                0x0800099c                __gedf2
                0x080009a4                __ltdf2
                0x080009a4                __ledf2
                0x080009ac                __nedf2
                0x080009ac                __eqdf2
                0x080009ac                __cmpdf2
                0x08000a28                __aeabi_cdrcmple
                0x08000a38                __aeabi_cdcmpeq
                0x08000a38                __aeabi_cdcmple
                0x08000a48                __aeabi_dcmpeq
                0x08000a5c                __aeabi_dcmplt
                0x08000a70                __aeabi_dcmple
                0x08000a84                __aeabi_dcmpge
                0x08000a98                __aeabi_dcmpgt
 .text          0x08000aac       0xa0 d:/gcc-arm/102021~1.10/bin/../lib/gcc/arm-none-eabi/10.3.1/thumb/v7e-m+fp/hard\libgcc.a(_arm_truncdfsf2.o)
                0x08000aac                __truncdfsf2
                0x08000aac                __aeabi_d2f
 .text          0x08000b4c       0x30 d:/gcc-arm/102021~1.10/bin/../lib/gcc/arm-none-eabi/10.3.1/thumb/v7e-m+fp/hard\libgcc.a(_aeabi_uldivmod.o)
                0x08000b4c                __aeabi_uldivmod
 .text          0x08000b7c      0x2d0 d:/gcc-arm/102021~1.10/bin/../lib/gcc/arm-none-eabi/10.3.1/thumb/v7e-m+fp/hard\libgcc.a(_udivmoddi4.o)
                0x08000b7c                __udivmoddi4
 .text          0x08000e4c        0x4 d:/gcc-arm/102021~1.10/bin/../lib/gcc/arm-none-eabi/10.3.1/thumb/v7e-m+fp/hard\libgcc.a(_dvmd_tls.o)
                0x08000e4c                __aeabi_idiv0
                0x08000e4c                __aeabi_ldiv0
 .text          0x08000e50       0xa0 d:/gcc-arm/102021~1.10/bin/../lib/gcc/arm-none-eabi/10.3.1/../../../../arm-none-eabi/lib/thumb/v7e-m+fp/hard\libg.a(lib_a-memchr.o)
                0x08000e50                memchr
 .text          0x08000ef0      0x134 d:/gcc-arm/102021~1.10/bin/../lib/gcc/arm-none-eabi/10.3.1/../../../../arm-none-eabi/lib/thumb/v7e-m+fp/hard\libg.a(lib_a-memcpy.o)
                0x08000ef0                memcpy
 *fill*         0x08001024       0x1c 
 .text          0x08001040       0xdc d:/gcc-arm/102021~1.10/bin/../lib/gcc/arm-none-eabi/10.3.1/../../../../arm-none-eabi/lib/thumb/v7e-m+fp/hard\libg.a(lib_a-strlen.o)
                0x08001040                strlen
 .text          0x0800111c       0x2c d:/gcc-arm/102021~1.10/bin/../lib/gcc/arm-none-eabi/10.3.1/thumb/v7e-m+fp/hard\libgcc.a(_arm_unorddf2.o)
                0x0800111c                __unorddf2
                0x0800111c                __aeabi_dcmpun
 .text          0x08001148       0x50 d:/gcc-arm/102021~1.10/bin/../lib/gcc/arm-none-eabi/10.3.1/thumb/v7e-m+fp/hard\libgcc.a(_arm_fixdfsi.o)
                0x08001148                __aeabi_d2iz
                0x08001148                __fixdfsi
 *(.text*)
 .text.arm_cmplx_mag_f32
                0x08001198       0x42 CMakeFiles/ADC+DMA+DSP.elf.dir/CMSIS/DSP/Src/ComplexMathFunctions/ComplexMathFunctions.c.obj
                0x08001198                arm_cmplx_mag_f32
 .text.arm_bitreversal_32
                0x080011da       0x4a CMakeFiles/ADC+DMA+DSP.elf.dir/CMSIS/DSP/Src/TransformFunctions/TransformFunctions.c.obj
                0x080011da                arm_bitreversal_32
 .text.arm_radix8_butterfly_f32
                0x08001224      0x5a8 CMakeFiles/ADC+DMA+DSP.elf.dir/CMSIS/DSP/Src/TransformFunctions/TransformFunctions.c.obj
                0x08001224                arm_radix8_butterfly_f32
 .text.arm_cfft_radix8by2_f32
                0x080017cc      0x1f4 CMakeFiles/ADC+DMA+DSP.elf.dir/CMSIS/DSP/Src/TransformFunctions/TransformFunctions.c.obj
                0x080017cc                arm_cfft_radix8by2_f32
 .text.arm_cfft_radix8by4_f32
                0x080019c0      0x4bc CMakeFiles/ADC+DMA+DSP.elf.dir/CMSIS/DSP/Src/TransformFunctions/TransformFunctions.c.obj
                0x080019c0                arm_cfft_radix8by4_f32
 .text.arm_cfft_f32
                0x08001e7c       0xda CMakeFiles/ADC+DMA+DSP.elf.dir/CMSIS/DSP/Src/TransformFunctions/TransformFunctions.c.obj
                0x08001e7c                arm_cfft_f32
 *fill*         0x08001f56        0x2 
 .text.MX_ADC1_Init
                0x08001f58       0x6c CMakeFiles/ADC+DMA+DSP.elf.dir/Core/Src/adc.c.obj
                0x08001f58                MX_ADC1_Init
 .text.MX_ADC3_Init
                0x08001fc4       0x6c CMakeFiles/ADC+DMA+DSP.elf.dir/Core/Src/adc.c.obj
                0x08001fc4                MX_ADC3_Init
 .text.HAL_ADC_MspInit
                0x08002030      0x138 CMakeFiles/ADC+DMA+DSP.elf.dir/Core/Src/adc.c.obj
                0x08002030                HAL_ADC_MspInit
 .text.MX_DMA_Init
                0x08002168       0x44 CMakeFiles/ADC+DMA+DSP.elf.dir/Core/Src/dma.c.obj
                0x08002168                MX_DMA_Init
 .text.MX_GPIO_Init
                0x080021ac       0x4c CMakeFiles/ADC+DMA+DSP.elf.dir/Core/Src/gpio.c.obj
                0x080021ac                MX_GPIO_Init
 .text.Error_Handler
                0x080021f8        0x4 CMakeFiles/ADC+DMA+DSP.elf.dir/Core/Src/main.c.obj
                0x080021f8                Error_Handler
 .text.SystemClock_Config
                0x080021fc       0xa8 CMakeFiles/ADC+DMA+DSP.elf.dir/Core/Src/main.c.obj
                0x080021fc                SystemClock_Config
 *fill*         0x080022a4        0x4 
 .text.main     0x080022a8      0x378 CMakeFiles/ADC+DMA+DSP.elf.dir/Core/Src/main.c.obj
                0x080022a8                main
 .text.RetargetInit
                0x08002620       0x20 CMakeFiles/ADC+DMA+DSP.elf.dir/Core/Src/retarget.c.obj
                0x08002620                RetargetInit
 .text._isatty  0x08002640       0x16 CMakeFiles/ADC+DMA+DSP.elf.dir/Core/Src/retarget.c.obj
                0x08002640                _isatty
 *fill*         0x08002656        0x2 
 .text._write   0x08002658       0x34 CMakeFiles/ADC+DMA+DSP.elf.dir/Core/Src/retarget.c.obj
                0x08002658                _write
 .text._close   0x0800268c       0x18 CMakeFiles/ADC+DMA+DSP.elf.dir/Core/Src/retarget.c.obj
                0x0800268c                _close
 .text._lseek   0x080026a4       0x10 CMakeFiles/ADC+DMA+DSP.elf.dir/Core/Src/retarget.c.obj
                0x080026a4                _lseek
 .text._read    0x080026b4       0x30 CMakeFiles/ADC+DMA+DSP.elf.dir/Core/Src/retarget.c.obj
                0x080026b4                _read
 .text._fstat   0x080026e4       0x1a CMakeFiles/ADC+DMA+DSP.elf.dir/Core/Src/retarget.c.obj
                0x080026e4                _fstat
 *fill*         0x080026fe        0x2 
 .text.HAL_MspInit
                0x08002700       0x38 CMakeFiles/ADC+DMA+DSP.elf.dir/Core/Src/stm32f4xx_hal_msp.c.obj
                0x08002700                HAL_MspInit
 .text.NMI_Handler
                0x08002738        0x2 CMakeFiles/ADC+DMA+DSP.elf.dir/Core/Src/stm32f4xx_it.c.obj
                0x08002738                NMI_Handler
 .text.HardFault_Handler
                0x0800273a        0x2 CMakeFiles/ADC+DMA+DSP.elf.dir/Core/Src/stm32f4xx_it.c.obj
                0x0800273a                HardFault_Handler
 .text.MemManage_Handler
                0x0800273c        0x2 CMakeFiles/ADC+DMA+DSP.elf.dir/Core/Src/stm32f4xx_it.c.obj
                0x0800273c                MemManage_Handler
 .text.BusFault_Handler
                0x0800273e        0x2 CMakeFiles/ADC+DMA+DSP.elf.dir/Core/Src/stm32f4xx_it.c.obj
                0x0800273e                BusFault_Handler
 .text.UsageFault_Handler
                0x08002740        0x2 CMakeFiles/ADC+DMA+DSP.elf.dir/Core/Src/stm32f4xx_it.c.obj
                0x08002740                UsageFault_Handler
 .text.SVC_Handler
                0x08002742        0x2 CMakeFiles/ADC+DMA+DSP.elf.dir/Core/Src/stm32f4xx_it.c.obj
                0x08002742                SVC_Handler
 .text.DebugMon_Handler
                0x08002744        0x2 CMakeFiles/ADC+DMA+DSP.elf.dir/Core/Src/stm32f4xx_it.c.obj
                0x08002744                DebugMon_Handler
 .text.PendSV_Handler
                0x08002746        0x2 CMakeFiles/ADC+DMA+DSP.elf.dir/Core/Src/stm32f4xx_it.c.obj
                0x08002746                PendSV_Handler
 .text.SysTick_Handler
                0x08002748        0x8 CMakeFiles/ADC+DMA+DSP.elf.dir/Core/Src/stm32f4xx_it.c.obj
                0x08002748                SysTick_Handler
 .text.DMA2_Stream0_IRQHandler
                0x08002750       0x18 CMakeFiles/ADC+DMA+DSP.elf.dir/Core/Src/stm32f4xx_it.c.obj
                0x08002750                DMA2_Stream0_IRQHandler
 .text.DMA2_Stream1_IRQHandler
                0x08002768       0x10 CMakeFiles/ADC+DMA+DSP.elf.dir/Core/Src/stm32f4xx_it.c.obj
                0x08002768                DMA2_Stream1_IRQHandler
 .text._getpid  0x08002778        0x4 CMakeFiles/ADC+DMA+DSP.elf.dir/Core/Src/syscalls.c.obj
                0x08002778                _getpid
 .text._kill    0x0800277c       0x10 CMakeFiles/ADC+DMA+DSP.elf.dir/Core/Src/syscalls.c.obj
                0x0800277c                _kill
 .text._exit    0x0800278c        0xc CMakeFiles/ADC+DMA+DSP.elf.dir/Core/Src/syscalls.c.obj
                0x0800278c                _exit
 .text._sbrk    0x08002798       0x3c CMakeFiles/ADC+DMA+DSP.elf.dir/Core/Src/syscalls.c.obj
                0x08002798                _sbrk
 .text.SystemInit
                0x080027d4       0x14 CMakeFiles/ADC+DMA+DSP.elf.dir/Core/Src/system_stm32f4xx.c.obj
                0x080027d4                SystemInit
 .text.MX_TIM3_Init
                0x080027e8       0x70 CMakeFiles/ADC+DMA+DSP.elf.dir/Core/Src/tim.c.obj
                0x080027e8                MX_TIM3_Init
 .text.HAL_TIM_Base_MspInit
                0x08002858       0x30 CMakeFiles/ADC+DMA+DSP.elf.dir/Core/Src/tim.c.obj
                0x08002858                HAL_TIM_Base_MspInit
 .text.MX_USART1_UART_Init
                0x08002888       0x34 CMakeFiles/ADC+DMA+DSP.elf.dir/Core/Src/usart.c.obj
                0x08002888                MX_USART1_UART_Init
 .text.HAL_UART_MspInit
                0x080028bc       0x74 CMakeFiles/ADC+DMA+DSP.elf.dir/Core/Src/usart.c.obj
                0x080028bc                HAL_UART_MspInit
 .text.HAL_InitTick
                0x08002930       0x4c CMakeFiles/ADC+DMA+DSP.elf.dir/Drivers/STM32F4xx_HAL_Driver/Src/stm32f4xx_hal.c.obj
                0x08002930                HAL_InitTick
 .text.HAL_Init
                0x0800297c       0x34 CMakeFiles/ADC+DMA+DSP.elf.dir/Drivers/STM32F4xx_HAL_Driver/Src/stm32f4xx_hal.c.obj
                0x0800297c                HAL_Init
 .text.HAL_IncTick
                0x080029b0       0x18 CMakeFiles/ADC+DMA+DSP.elf.dir/Drivers/STM32F4xx_HAL_Driver/Src/stm32f4xx_hal.c.obj
                0x080029b0                HAL_IncTick
 .text.HAL_GetTick
                0x080029c8        0xc CMakeFiles/ADC+DMA+DSP.elf.dir/Drivers/STM32F4xx_HAL_Driver/Src/stm32f4xx_hal.c.obj
                0x080029c8                HAL_GetTick
 .text.ADC_Init
                0x080029d4      0x134 CMakeFiles/ADC+DMA+DSP.elf.dir/Drivers/STM32F4xx_HAL_Driver/Src/stm32f4xx_hal_adc.c.obj
 .text.HAL_ADC_Init
                0x08002b08       0x56 CMakeFiles/ADC+DMA+DSP.elf.dir/Drivers/STM32F4xx_HAL_Driver/Src/stm32f4xx_hal_adc.c.obj
                0x08002b08                HAL_ADC_Init
 *fill*         0x08002b5e        0x2 
 .text.HAL_ADC_Start_DMA
                0x08002b60      0x19c CMakeFiles/ADC+DMA+DSP.elf.dir/Drivers/STM32F4xx_HAL_Driver/Src/stm32f4xx_hal_adc.c.obj
                0x08002b60                HAL_ADC_Start_DMA
 .text.HAL_ADC_ConvCpltCallback
                0x08002cfc        0x2 CMakeFiles/ADC+DMA+DSP.elf.dir/Drivers/STM32F4xx_HAL_Driver/Src/stm32f4xx_hal_adc.c.obj
                0x08002cfc                HAL_ADC_ConvCpltCallback
 .text.HAL_ADC_ConvHalfCpltCallback
                0x08002cfe        0x2 CMakeFiles/ADC+DMA+DSP.elf.dir/Drivers/STM32F4xx_HAL_Driver/Src/stm32f4xx_hal_adc.c.obj
                0x08002cfe                HAL_ADC_ConvHalfCpltCallback
 .text.ADC_DMAHalfConvCplt
                0x08002d00        0xa CMakeFiles/ADC+DMA+DSP.elf.dir/Drivers/STM32F4xx_HAL_Driver/Src/stm32f4xx_hal_adc.c.obj
 .text.HAL_ADC_ErrorCallback
                0x08002d0a        0x2 CMakeFiles/ADC+DMA+DSP.elf.dir/Drivers/STM32F4xx_HAL_Driver/Src/stm32f4xx_hal_adc.c.obj
                0x08002d0a                HAL_ADC_ErrorCallback
 .text.ADC_DMAError
                0x08002d0c       0x16 CMakeFiles/ADC+DMA+DSP.elf.dir/Drivers/STM32F4xx_HAL_Driver/Src/stm32f4xx_hal_adc.c.obj
 .text.ADC_DMAConvCplt
                0x08002d22       0x72 CMakeFiles/ADC+DMA+DSP.elf.dir/Drivers/STM32F4xx_HAL_Driver/Src/stm32f4xx_hal_adc.c.obj
 .text.HAL_ADC_ConfigChannel
                0x08002d94      0x198 CMakeFiles/ADC+DMA+DSP.elf.dir/Drivers/STM32F4xx_HAL_Driver/Src/stm32f4xx_hal_adc.c.obj
                0x08002d94                HAL_ADC_ConfigChannel
 .text.HAL_NVIC_SetPriorityGrouping
                0x08002f2c       0x24 CMakeFiles/ADC+DMA+DSP.elf.dir/Drivers/STM32F4xx_HAL_Driver/Src/stm32f4xx_hal_cortex.c.obj
                0x08002f2c                HAL_NVIC_SetPriorityGrouping
 .text.HAL_NVIC_SetPriority
                0x08002f50       0x70 CMakeFiles/ADC+DMA+DSP.elf.dir/Drivers/STM32F4xx_HAL_Driver/Src/stm32f4xx_hal_cortex.c.obj
                0x08002f50                HAL_NVIC_SetPriority
 .text.HAL_NVIC_EnableIRQ
                0x08002fc0       0x1c CMakeFiles/ADC+DMA+DSP.elf.dir/Drivers/STM32F4xx_HAL_Driver/Src/stm32f4xx_hal_cortex.c.obj
                0x08002fc0                HAL_NVIC_EnableIRQ
 .text.HAL_SYSTICK_Config
                0x08002fdc       0x28 CMakeFiles/ADC+DMA+DSP.elf.dir/Drivers/STM32F4xx_HAL_Driver/Src/stm32f4xx_hal_cortex.c.obj
                0x08002fdc                HAL_SYSTICK_Config
 .text.DMA_SetConfig
                0x08003004       0x2c CMakeFiles/ADC+DMA+DSP.elf.dir/Drivers/STM32F4xx_HAL_Driver/Src/stm32f4xx_hal_dma.c.obj
 .text.DMA_CalcBaseAndBitshift
                0x08003030       0x44 CMakeFiles/ADC+DMA+DSP.elf.dir/Drivers/STM32F4xx_HAL_Driver/Src/stm32f4xx_hal_dma.c.obj
 .text.DMA_CheckFifoParam
                0x08003074       0x8e CMakeFiles/ADC+DMA+DSP.elf.dir/Drivers/STM32F4xx_HAL_Driver/Src/stm32f4xx_hal_dma.c.obj
 *fill*         0x08003102        0x2 
 .text.HAL_DMA_Init
                0x08003104       0xcc CMakeFiles/ADC+DMA+DSP.elf.dir/Drivers/STM32F4xx_HAL_Driver/Src/stm32f4xx_hal_dma.c.obj
                0x08003104                HAL_DMA_Init
 .text.HAL_DMA_Start_IT
                0x080031d0       0x6a CMakeFiles/ADC+DMA+DSP.elf.dir/Drivers/STM32F4xx_HAL_Driver/Src/stm32f4xx_hal_dma.c.obj
                0x080031d0                HAL_DMA_Start_IT
 *fill*         0x0800323a        0x2 
 .text.HAL_DMA_IRQHandler
                0x0800323c      0x1dc CMakeFiles/ADC+DMA+DSP.elf.dir/Drivers/STM32F4xx_HAL_Driver/Src/stm32f4xx_hal_dma.c.obj
                0x0800323c                HAL_DMA_IRQHandler
 .text.HAL_GPIO_Init
                0x08003418      0x1e4 CMakeFiles/ADC+DMA+DSP.elf.dir/Drivers/STM32F4xx_HAL_Driver/Src/stm32f4xx_hal_gpio.c.obj
                0x08003418                HAL_GPIO_Init
 .text.HAL_RCC_OscConfig
                0x080035fc      0x3f8 CMakeFiles/ADC+DMA+DSP.elf.dir/Drivers/STM32F4xx_HAL_Driver/Src/stm32f4xx_hal_rcc.c.obj
                0x080035fc                HAL_RCC_OscConfig
 .text.HAL_RCC_GetSysClockFreq
                0x080039f4       0xd4 CMakeFiles/ADC+DMA+DSP.elf.dir/Drivers/STM32F4xx_HAL_Driver/Src/stm32f4xx_hal_rcc.c.obj
                0x080039f4                HAL_RCC_GetSysClockFreq
 .text.HAL_RCC_ClockConfig
                0x08003ac8      0x160 CMakeFiles/ADC+DMA+DSP.elf.dir/Drivers/STM32F4xx_HAL_Driver/Src/stm32f4xx_hal_rcc.c.obj
                0x08003ac8                HAL_RCC_ClockConfig
 .text.HAL_RCC_GetHCLKFreq
                0x08003c28        0xc CMakeFiles/ADC+DMA+DSP.elf.dir/Drivers/STM32F4xx_HAL_Driver/Src/stm32f4xx_hal_rcc.c.obj
                0x08003c28                HAL_RCC_GetHCLKFreq
 .text.HAL_RCC_GetPCLK1Freq
                0x08003c34       0x20 CMakeFiles/ADC+DMA+DSP.elf.dir/Drivers/STM32F4xx_HAL_Driver/Src/stm32f4xx_hal_rcc.c.obj
                0x08003c34                HAL_RCC_GetPCLK1Freq
 .text.HAL_RCC_GetPCLK2Freq
                0x08003c54       0x20 CMakeFiles/ADC+DMA+DSP.elf.dir/Drivers/STM32F4xx_HAL_Driver/Src/stm32f4xx_hal_rcc.c.obj
                0x08003c54                HAL_RCC_GetPCLK2Freq
 .text.TIM_TI1_ConfigInputStage
                0x08003c74       0x26 CMakeFiles/ADC+DMA+DSP.elf.dir/Drivers/STM32F4xx_HAL_Driver/Src/stm32f4xx_hal_tim.c.obj
 .text.TIM_TI2_ConfigInputStage
                0x08003c9a       0x28 CMakeFiles/ADC+DMA+DSP.elf.dir/Drivers/STM32F4xx_HAL_Driver/Src/stm32f4xx_hal_tim.c.obj
 .text.TIM_ITRx_SetConfig
                0x08003cc2       0x10 CMakeFiles/ADC+DMA+DSP.elf.dir/Drivers/STM32F4xx_HAL_Driver/Src/stm32f4xx_hal_tim.c.obj
 *fill*         0x08003cd2        0x2 
 .text.HAL_TIM_Base_Start
                0x08003cd4       0x7c CMakeFiles/ADC+DMA+DSP.elf.dir/Drivers/STM32F4xx_HAL_Driver/Src/stm32f4xx_hal_tim.c.obj
                0x08003cd4                HAL_TIM_Base_Start
 .text.TIM_Base_SetConfig
                0x08003d50       0xc8 CMakeFiles/ADC+DMA+DSP.elf.dir/Drivers/STM32F4xx_HAL_Driver/Src/stm32f4xx_hal_tim.c.obj
                0x08003d50                TIM_Base_SetConfig
 .text.HAL_TIM_Base_Init
                0x08003e18       0x58 CMakeFiles/ADC+DMA+DSP.elf.dir/Drivers/STM32F4xx_HAL_Driver/Src/stm32f4xx_hal_tim.c.obj
                0x08003e18                HAL_TIM_Base_Init
 .text.TIM_ETR_SetConfig
                0x08003e70       0x1a CMakeFiles/ADC+DMA+DSP.elf.dir/Drivers/STM32F4xx_HAL_Driver/Src/stm32f4xx_hal_tim.c.obj
                0x08003e70                TIM_ETR_SetConfig
 .text.HAL_TIM_ConfigClockSource
                0x08003e8a       0xfe CMakeFiles/ADC+DMA+DSP.elf.dir/Drivers/STM32F4xx_HAL_Driver/Src/stm32f4xx_hal_tim.c.obj
                0x08003e8a                HAL_TIM_ConfigClockSource
 .text.HAL_TIMEx_MasterConfigSynchronization
                0x08003f88       0x8c CMakeFiles/ADC+DMA+DSP.elf.dir/Drivers/STM32F4xx_HAL_Driver/Src/stm32f4xx_hal_tim_ex.c.obj
                0x08003f88                HAL_TIMEx_MasterConfigSynchronization
 .text.UART_SetConfig
                0x08004014      0x110 CMakeFiles/ADC+DMA+DSP.elf.dir/Drivers/STM32F4xx_HAL_Driver/Src/stm32f4xx_hal_uart.c.obj
 .text.UART_WaitOnFlagUntilTimeout
                0x08004124       0x88 CMakeFiles/ADC+DMA+DSP.elf.dir/Drivers/STM32F4xx_HAL_Driver/Src/stm32f4xx_hal_uart.c.obj
 .text.HAL_UART_Init
                0x080041ac       0x5e CMakeFiles/ADC+DMA+DSP.elf.dir/Drivers/STM32F4xx_HAL_Driver/Src/stm32f4xx_hal_uart.c.obj
                0x080041ac                HAL_UART_Init
 .text.HAL_UART_Transmit
                0x0800420a       0xd8 CMakeFiles/ADC+DMA+DSP.elf.dir/Drivers/STM32F4xx_HAL_Driver/Src/stm32f4xx_hal_uart.c.obj
                0x0800420a                HAL_UART_Transmit
 .text.HAL_UART_Receive
                0x080042e2       0xe4 CMakeFiles/ADC+DMA+DSP.elf.dir/Drivers/STM32F4xx_HAL_Driver/Src/stm32f4xx_hal_uart.c.obj
                0x080042e2                HAL_UART_Receive
 *fill*         0x080043c6        0x2 
 .text.Reset_Handler
                0x080043c8       0x50 CMakeFiles/ADC+DMA+DSP.elf.dir/startup/startup_stm32f407xx.s.obj
                0x080043c8                Reset_Handler
 .text.Default_Handler
                0x08004418        0x2 CMakeFiles/ADC+DMA+DSP.elf.dir/startup/startup_stm32f407xx.s.obj
                0x08004418                RTC_Alarm_IRQHandler
                0x08004418                HASH_RNG_IRQHandler
                0x08004418                EXTI2_IRQHandler
                0x08004418                TIM8_CC_IRQHandler
                0x08004418                TIM1_CC_IRQHandler
                0x08004418                DMA2_Stream5_IRQHandler
                0x08004418                DMA1_Stream5_IRQHandler
                0x08004418                PVD_IRQHandler
                0x08004418                SDIO_IRQHandler
                0x08004418                TAMP_STAMP_IRQHandler
                0x08004418                CAN2_RX1_IRQHandler
                0x08004418                EXTI3_IRQHandler
                0x08004418                TIM8_TRG_COM_TIM14_IRQHandler
                0x08004418                TIM1_UP_TIM10_IRQHandler
                0x08004418                TIM8_UP_TIM13_IRQHandler
                0x08004418                I2C3_ER_IRQHandler
                0x08004418                EXTI0_IRQHandler
                0x08004418                I2C2_EV_IRQHandler
                0x08004418                DMA1_Stream2_IRQHandler
                0x08004418                CAN1_RX0_IRQHandler
                0x08004418                FPU_IRQHandler
                0x08004418                OTG_HS_WKUP_IRQHandler
                0x08004418                CAN2_SCE_IRQHandler
                0x08004418                DMA2_Stream2_IRQHandler
                0x08004418                SPI1_IRQHandler
                0x08004418                TIM6_DAC_IRQHandler
                0x08004418                TIM1_BRK_TIM9_IRQHandler
                0x08004418                DCMI_IRQHandler
                0x08004418                CAN2_RX0_IRQHandler
                0x08004418                DMA2_Stream3_IRQHandler
                0x08004418                USART6_IRQHandler
                0x08004418                USART3_IRQHandler
                0x08004418                CAN1_RX1_IRQHandler
                0x08004418                UART5_IRQHandler
                0x08004418                TIM4_IRQHandler
                0x08004418                I2C1_EV_IRQHandler
                0x08004418                DMA1_Stream6_IRQHandler
                0x08004418                DMA1_Stream1_IRQHandler
                0x08004418                UART4_IRQHandler
                0x08004418                TIM3_IRQHandler
                0x08004418                RCC_IRQHandler
                0x08004418                TIM8_BRK_TIM12_IRQHandler
                0x08004418                Default_Handler
                0x08004418                EXTI15_10_IRQHandler
                0x08004418                ADC_IRQHandler
                0x08004418                DMA1_Stream7_IRQHandler
                0x08004418                TIM7_IRQHandler
                0x08004418                CAN2_TX_IRQHandler
                0x08004418                TIM5_IRQHandler
                0x08004418                DMA2_Stream7_IRQHandler
                0x08004418                I2C3_EV_IRQHandler
                0x08004418                EXTI9_5_IRQHandler
                0x08004418                RTC_WKUP_IRQHandler
                0x08004418                ETH_WKUP_IRQHandler
                0x08004418                SPI2_IRQHandler
                0x08004418                OTG_HS_EP1_IN_IRQHandler
                0x08004418                DMA1_Stream0_IRQHandler
                0x08004418                CAN1_TX_IRQHandler
                0x08004418                EXTI4_IRQHandler
                0x08004418                FSMC_IRQHandler
                0x08004418                ETH_IRQHandler
                0x08004418                OTG_HS_EP1_OUT_IRQHandler
                0x08004418                WWDG_IRQHandler
                0x08004418                TIM2_IRQHandler
                0x08004418                OTG_FS_WKUP_IRQHandler
                0x08004418                TIM1_TRG_COM_TIM11_IRQHandler
                0x08004418                OTG_HS_IRQHandler
                0x08004418                EXTI1_IRQHandler
                0x08004418                USART2_IRQHandler
                0x08004418                I2C2_ER_IRQHandler
                0x08004418                CAN1_SCE_IRQHandler
                0x08004418                FLASH_IRQHandler
                0x08004418                DMA2_Stream4_IRQHandler
                0x08004418                USART1_IRQHandler
                0x08004418                OTG_FS_IRQHandler
                0x08004418                SPI3_IRQHandler
                0x08004418                DMA1_Stream4_IRQHandler
                0x08004418                I2C1_ER_IRQHandler
                0x08004418                DMA2_Stream6_IRQHandler
                0x08004418                DMA1_Stream3_IRQHandler
 *fill*         0x0800441a        0x2 
 .text.__errno  0x0800441c        0xc d:/gcc-arm/102021~1.10/bin/../lib/gcc/arm-none-eabi/10.3.1/../../../../arm-none-eabi/lib/thumb/v7e-m+fp/hard\libg.a(lib_a-errno.o)
                0x0800441c                __errno
 .text.__libc_init_array
                0x08004428       0x48 d:/gcc-arm/102021~1.10/bin/../lib/gcc/arm-none-eabi/10.3.1/../../../../arm-none-eabi/lib/thumb/v7e-m+fp/hard\libg.a(lib_a-init.o)
                0x08004428                __libc_init_array
 .text.memset   0x08004470       0xa4 d:/gcc-arm/102021~1.10/bin/../lib/gcc/arm-none-eabi/10.3.1/../../../../arm-none-eabi/lib/thumb/v7e-m+fp/hard\libg.a(lib_a-memset.o)
                0x08004470                memset
 .text.printf   0x08004514       0x28 d:/gcc-arm/102021~1.10/bin/../lib/gcc/arm-none-eabi/10.3.1/../../../../arm-none-eabi/lib/thumb/v7e-m+fp/hard\libg.a(lib_a-printf.o)
                0x08004514                printf
 .text.setvbuf  0x0800453c      0x1b0 d:/gcc-arm/102021~1.10/bin/../lib/gcc/arm-none-eabi/10.3.1/../../../../arm-none-eabi/lib/thumb/v7e-m+fp/hard\libg.a(lib_a-setvbuf.o)
                0x0800453c                setvbuf
 *fill*         0x080046ec        0x4 
 .text._vfprintf_r
                0x080046f0     0x1b90 d:/gcc-arm/102021~1.10/bin/../lib/gcc/arm-none-eabi/10.3.1/../../../../arm-none-eabi/lib/thumb/v7e-m+fp/hard\libg.a(lib_a-vfprintf.o)
                0x080046f0                _vfprintf_r
 .text.__sbprintf
                0x08006280       0x80 d:/gcc-arm/102021~1.10/bin/../lib/gcc/arm-none-eabi/10.3.1/../../../../arm-none-eabi/lib/thumb/v7e-m+fp/hard\libg.a(lib_a-vfprintf.o)
 .text.__swsetup_r
                0x08006300       0xd4 d:/gcc-arm/102021~1.10/bin/../lib/gcc/arm-none-eabi/10.3.1/../../../../arm-none-eabi/lib/thumb/v7e-m+fp/hard\libg.a(lib_a-wsetup.o)
                0x08006300                __swsetup_r
 .text.startup.register_fini
                0x080063d4       0x14 d:/gcc-arm/102021~1.10/bin/../lib/gcc/arm-none-eabi/10.3.1/../../../../arm-none-eabi/lib/thumb/v7e-m+fp/hard\libg.a(lib_a-__call_atexit.o)
 .text.atexit   0x080063e8        0xc d:/gcc-arm/102021~1.10/bin/../lib/gcc/arm-none-eabi/10.3.1/../../../../arm-none-eabi/lib/thumb/v7e-m+fp/hard\libg.a(lib_a-atexit.o)
                0x080063e8                atexit
 .text.quorem   0x080063f4      0x128 d:/gcc-arm/102021~1.10/bin/../lib/gcc/arm-none-eabi/10.3.1/../../../../arm-none-eabi/lib/thumb/v7e-m+fp/hard\libg.a(lib_a-dtoa.o)
 *fill*         0x0800651c        0x4 
 .text._dtoa_r  0x08006520      0xf3c d:/gcc-arm/102021~1.10/bin/../lib/gcc/arm-none-eabi/10.3.1/../../../../arm-none-eabi/lib/thumb/v7e-m+fp/hard\libg.a(lib_a-dtoa.o)
                0x08006520                _dtoa_r
 .text.__sflush_r
                0x0800745c      0x130 d:/gcc-arm/102021~1.10/bin/../lib/gcc/arm-none-eabi/10.3.1/../../../../arm-none-eabi/lib/thumb/v7e-m+fp/hard\libg.a(lib_a-fflush.o)
                0x0800745c                __sflush_r
 .text._fflush_r
                0x0800758c       0x5c d:/gcc-arm/102021~1.10/bin/../lib/gcc/arm-none-eabi/10.3.1/../../../../arm-none-eabi/lib/thumb/v7e-m+fp/hard\libg.a(lib_a-fflush.o)
                0x0800758c                _fflush_r
 .text._cleanup_r
                0x080075e8        0xc d:/gcc-arm/102021~1.10/bin/../lib/gcc/arm-none-eabi/10.3.1/../../../../arm-none-eabi/lib/thumb/v7e-m+fp/hard\libg.a(lib_a-findfp.o)
                0x080075e8                _cleanup_r
 .text.__sinit  0x080075f4      0x10c d:/gcc-arm/102021~1.10/bin/../lib/gcc/arm-none-eabi/10.3.1/../../../../arm-none-eabi/lib/thumb/v7e-m+fp/hard\libg.a(lib_a-findfp.o)
                0x080075f4                __sinit
 .text.__sfp_lock_acquire
                0x08007700        0xc d:/gcc-arm/102021~1.10/bin/../lib/gcc/arm-none-eabi/10.3.1/../../../../arm-none-eabi/lib/thumb/v7e-m+fp/hard\libg.a(lib_a-findfp.o)
                0x08007700                __sfp_lock_acquire
 .text.__sfp_lock_release
                0x0800770c        0xc d:/gcc-arm/102021~1.10/bin/../lib/gcc/arm-none-eabi/10.3.1/../../../../arm-none-eabi/lib/thumb/v7e-m+fp/hard\libg.a(lib_a-findfp.o)
                0x0800770c                __sfp_lock_release
 .text.__libc_fini_array
                0x08007718       0x2c d:/gcc-arm/102021~1.10/bin/../lib/gcc/arm-none-eabi/10.3.1/../../../../arm-none-eabi/lib/thumb/v7e-m+fp/hard\libg.a(lib_a-fini.o)
                0x08007718                __libc_fini_array
 .text._malloc_trim_r
                0x08007744       0xa0 d:/gcc-arm/102021~1.10/bin/../lib/gcc/arm-none-eabi/10.3.1/../../../../arm-none-eabi/lib/thumb/v7e-m+fp/hard\libg.a(lib_a-freer.o)
                0x08007744                _malloc_trim_r
 .text._free_r  0x080077e4      0x20c d:/gcc-arm/102021~1.10/bin/../lib/gcc/arm-none-eabi/10.3.1/../../../../arm-none-eabi/lib/thumb/v7e-m+fp/hard\libg.a(lib_a-freer.o)
                0x080077e4                _free_r
 .text._fwalk_reent
                0x080079f0       0x48 d:/gcc-arm/102021~1.10/bin/../lib/gcc/arm-none-eabi/10.3.1/../../../../arm-none-eabi/lib/thumb/v7e-m+fp/hard\libg.a(lib_a-fwalk.o)
                0x080079f0                _fwalk_reent
 .text._localeconv_r
                0x08007a38        0x8 d:/gcc-arm/102021~1.10/bin/../lib/gcc/arm-none-eabi/10.3.1/../../../../arm-none-eabi/lib/thumb/v7e-m+fp/hard\libg.a(lib_a-localeconv.o)
                0x08007a38                _localeconv_r
 .text.__retarget_lock_init_recursive
                0x08007a40        0x4 d:/gcc-arm/102021~1.10/bin/../lib/gcc/arm-none-eabi/10.3.1/../../../../arm-none-eabi/lib/thumb/v7e-m+fp/hard\libg.a(lib_a-lock.o)
                0x08007a40                __retarget_lock_init_recursive
 .text.__retarget_lock_close_recursive
                0x08007a44        0x4 d:/gcc-arm/102021~1.10/bin/../lib/gcc/arm-none-eabi/10.3.1/../../../../arm-none-eabi/lib/thumb/v7e-m+fp/hard\libg.a(lib_a-lock.o)
                0x08007a44                __retarget_lock_close_recursive
 .text.__retarget_lock_acquire_recursive
                0x08007a48        0x4 d:/gcc-arm/102021~1.10/bin/../lib/gcc/arm-none-eabi/10.3.1/../../../../arm-none-eabi/lib/thumb/v7e-m+fp/hard\libg.a(lib_a-lock.o)
                0x08007a48                __retarget_lock_acquire_recursive
 .text.__retarget_lock_release_recursive
                0x08007a4c        0x4 d:/gcc-arm/102021~1.10/bin/../lib/gcc/arm-none-eabi/10.3.1/../../../../arm-none-eabi/lib/thumb/v7e-m+fp/hard\libg.a(lib_a-lock.o)
                0x08007a4c                __retarget_lock_release_recursive
 .text.__smakebuf_r
                0x08007a50       0xe0 d:/gcc-arm/102021~1.10/bin/../lib/gcc/arm-none-eabi/10.3.1/../../../../arm-none-eabi/lib/thumb/v7e-m+fp/hard\libg.a(lib_a-makebuf.o)
                0x08007a50                __smakebuf_r
 .text.__swhatbuf_r
                0x08007b30       0x60 d:/gcc-arm/102021~1.10/bin/../lib/gcc/arm-none-eabi/10.3.1/../../../../arm-none-eabi/lib/thumb/v7e-m+fp/hard\libg.a(lib_a-makebuf.o)
                0x08007b30                __swhatbuf_r
 .text.malloc   0x08007b90       0x10 d:/gcc-arm/102021~1.10/bin/../lib/gcc/arm-none-eabi/10.3.1/../../../../arm-none-eabi/lib/thumb/v7e-m+fp/hard\libg.a(lib_a-malloc.o)
                0x08007b90                malloc
 .text._malloc_r
                0x08007ba0      0x560 d:/gcc-arm/102021~1.10/bin/../lib/gcc/arm-none-eabi/10.3.1/../../../../arm-none-eabi/lib/thumb/v7e-m+fp/hard\libg.a(lib_a-mallocr.o)
                0x08007ba0                _malloc_r
 .text.__malloc_lock
                0x08008100        0xc d:/gcc-arm/102021~1.10/bin/../lib/gcc/arm-none-eabi/10.3.1/../../../../arm-none-eabi/lib/thumb/v7e-m+fp/hard\libg.a(lib_a-mlock.o)
                0x08008100                __malloc_lock
 .text.__malloc_unlock
                0x0800810c        0xc d:/gcc-arm/102021~1.10/bin/../lib/gcc/arm-none-eabi/10.3.1/../../../../arm-none-eabi/lib/thumb/v7e-m+fp/hard\libg.a(lib_a-mlock.o)
                0x0800810c                __malloc_unlock
 .text._Balloc  0x08008118       0x4c d:/gcc-arm/102021~1.10/bin/../lib/gcc/arm-none-eabi/10.3.1/../../../../arm-none-eabi/lib/thumb/v7e-m+fp/hard\libg.a(lib_a-mprec.o)
                0x08008118                _Balloc
 .text._Bfree   0x08008164       0x14 d:/gcc-arm/102021~1.10/bin/../lib/gcc/arm-none-eabi/10.3.1/../../../../arm-none-eabi/lib/thumb/v7e-m+fp/hard\libg.a(lib_a-mprec.o)
                0x08008164                _Bfree
 .text.__multadd
                0x08008178       0xa8 d:/gcc-arm/102021~1.10/bin/../lib/gcc/arm-none-eabi/10.3.1/../../../../arm-none-eabi/lib/thumb/v7e-m+fp/hard\libg.a(lib_a-mprec.o)
                0x08008178                __multadd
 .text.__hi0bits
                0x08008220       0x40 d:/gcc-arm/102021~1.10/bin/../lib/gcc/arm-none-eabi/10.3.1/../../../../arm-none-eabi/lib/thumb/v7e-m+fp/hard\libg.a(lib_a-mprec.o)
                0x08008220                __hi0bits
 .text.__lo0bits
                0x08008260       0x60 d:/gcc-arm/102021~1.10/bin/../lib/gcc/arm-none-eabi/10.3.1/../../../../arm-none-eabi/lib/thumb/v7e-m+fp/hard\libg.a(lib_a-mprec.o)
                0x08008260                __lo0bits
 .text.__i2b    0x080082c0       0x5c d:/gcc-arm/102021~1.10/bin/../lib/gcc/arm-none-eabi/10.3.1/../../../../arm-none-eabi/lib/thumb/v7e-m+fp/hard\libg.a(lib_a-mprec.o)
                0x080082c0                __i2b
 .text.__multiply
                0x0800831c      0x15c d:/gcc-arm/102021~1.10/bin/../lib/gcc/arm-none-eabi/10.3.1/../../../../arm-none-eabi/lib/thumb/v7e-m+fp/hard\libg.a(lib_a-mprec.o)
                0x0800831c                __multiply
 .text.__pow5mult
                0x08008478       0xc0 d:/gcc-arm/102021~1.10/bin/../lib/gcc/arm-none-eabi/10.3.1/../../../../arm-none-eabi/lib/thumb/v7e-m+fp/hard\libg.a(lib_a-mprec.o)
                0x08008478                __pow5mult
 .text.__lshift
                0x08008538       0xf0 d:/gcc-arm/102021~1.10/bin/../lib/gcc/arm-none-eabi/10.3.1/../../../../arm-none-eabi/lib/thumb/v7e-m+fp/hard\libg.a(lib_a-mprec.o)
                0x08008538                __lshift
 .text.__mcmp   0x08008628       0x44 d:/gcc-arm/102021~1.10/bin/../lib/gcc/arm-none-eabi/10.3.1/../../../../arm-none-eabi/lib/thumb/v7e-m+fp/hard\libg.a(lib_a-mprec.o)
                0x08008628                __mcmp
 .text.__mdiff  0x0800866c      0x14c d:/gcc-arm/102021~1.10/bin/../lib/gcc/arm-none-eabi/10.3.1/../../../../arm-none-eabi/lib/thumb/v7e-m+fp/hard\libg.a(lib_a-mprec.o)
                0x0800866c                __mdiff
 .text.__d2b    0x080087b8       0xd0 d:/gcc-arm/102021~1.10/bin/../lib/gcc/arm-none-eabi/10.3.1/../../../../arm-none-eabi/lib/thumb/v7e-m+fp/hard\libg.a(lib_a-mprec.o)
                0x080087b8                __d2b
 .text.frexp    0x08008888       0x6c d:/gcc-arm/102021~1.10/bin/../lib/gcc/arm-none-eabi/10.3.1/../../../../arm-none-eabi/lib/thumb/v7e-m+fp/hard\libg.a(lib_a-s_frexp.o)
                0x08008888                frexp
 .text._sbrk_r  0x080088f4       0x24 d:/gcc-arm/102021~1.10/bin/../lib/gcc/arm-none-eabi/10.3.1/../../../../arm-none-eabi/lib/thumb/v7e-m+fp/hard\libg.a(lib_a-sbrkr.o)
                0x080088f4                _sbrk_r
 .text.__sread  0x08008918       0x24 d:/gcc-arm/102021~1.10/bin/../lib/gcc/arm-none-eabi/10.3.1/../../../../arm-none-eabi/lib/thumb/v7e-m+fp/hard\libg.a(lib_a-stdio.o)
                0x08008918                __sread
 .text.__swrite
                0x0800893c       0x40 d:/gcc-arm/102021~1.10/bin/../lib/gcc/arm-none-eabi/10.3.1/../../../../arm-none-eabi/lib/thumb/v7e-m+fp/hard\libg.a(lib_a-stdio.o)
                0x0800893c                __swrite
 .text.__sseek  0x0800897c       0x20 d:/gcc-arm/102021~1.10/bin/../lib/gcc/arm-none-eabi/10.3.1/../../../../arm-none-eabi/lib/thumb/v7e-m+fp/hard\libg.a(lib_a-stdio.o)
                0x0800897c                __sseek
 .text.__sclose
                0x0800899c        0x8 d:/gcc-arm/102021~1.10/bin/../lib/gcc/arm-none-eabi/10.3.1/../../../../arm-none-eabi/lib/thumb/v7e-m+fp/hard\libg.a(lib_a-stdio.o)
                0x0800899c                __sclose
 .text.strncpy  0x080089a4       0x64 d:/gcc-arm/102021~1.10/bin/../lib/gcc/arm-none-eabi/10.3.1/../../../../arm-none-eabi/lib/thumb/v7e-m+fp/hard\libg.a(lib_a-strncpy.o)
                0x080089a4                strncpy
 .text.__sprint_r.part.0
                0x08008a08       0x78 d:/gcc-arm/102021~1.10/bin/../lib/gcc/arm-none-eabi/10.3.1/../../../../arm-none-eabi/lib/thumb/v7e-m+fp/hard\libg.a(lib_a-vfiprintf.o)
 .text.__sprint_r
                0x08008a80       0x18 d:/gcc-arm/102021~1.10/bin/../lib/gcc/arm-none-eabi/10.3.1/../../../../arm-none-eabi/lib/thumb/v7e-m+fp/hard\libg.a(lib_a-vfiprintf.o)
                0x08008a80                __sprint_r
 .text._vfiprintf_r
                0x08008a98      0xdfc d:/gcc-arm/102021~1.10/bin/../lib/gcc/arm-none-eabi/10.3.1/../../../../arm-none-eabi/lib/thumb/v7e-m+fp/hard\libg.a(lib_a-vfiprintf.o)
                0x08008a98                _vfiprintf_r
 .text.__sbprintf
                0x08009894       0x80 d:/gcc-arm/102021~1.10/bin/../lib/gcc/arm-none-eabi/10.3.1/../../../../arm-none-eabi/lib/thumb/v7e-m+fp/hard\libg.a(lib_a-vfiprintf.o)
 .text._write_r
                0x08009914       0x2c d:/gcc-arm/102021~1.10/bin/../lib/gcc/arm-none-eabi/10.3.1/../../../../arm-none-eabi/lib/thumb/v7e-m+fp/hard\libg.a(lib_a-writer.o)
                0x08009914                _write_r
 .text.__register_exitproc
                0x08009940       0x8c d:/gcc-arm/102021~1.10/bin/../lib/gcc/arm-none-eabi/10.3.1/../../../../arm-none-eabi/lib/thumb/v7e-m+fp/hard\libg.a(lib_a-__atexit.o)
                0x08009940                __register_exitproc
 .text.__assert_func
                0x080099cc       0x40 d:/gcc-arm/102021~1.10/bin/../lib/gcc/arm-none-eabi/10.3.1/../../../../arm-none-eabi/lib/thumb/v7e-m+fp/hard\libg.a(lib_a-assert.o)
                0x080099cc                __assert_func
 .text._calloc_r
                0x08009a0c       0x78 d:/gcc-arm/102021~1.10/bin/../lib/gcc/arm-none-eabi/10.3.1/../../../../arm-none-eabi/lib/thumb/v7e-m+fp/hard\libg.a(lib_a-callocr.o)
                0x08009a0c                _calloc_r
 .text._close_r
                0x08009a84       0x24 d:/gcc-arm/102021~1.10/bin/../lib/gcc/arm-none-eabi/10.3.1/../../../../arm-none-eabi/lib/thumb/v7e-m+fp/hard\libg.a(lib_a-closer.o)
                0x08009a84                _close_r
 .text._fclose_r
                0x08009aa8       0xcc d:/gcc-arm/102021~1.10/bin/../lib/gcc/arm-none-eabi/10.3.1/../../../../arm-none-eabi/lib/thumb/v7e-m+fp/hard\libg.a(lib_a-fclose.o)
                0x08009aa8                _fclose_r
 .text.fiprintf
                0x08009b74       0x28 d:/gcc-arm/102021~1.10/bin/../lib/gcc/arm-none-eabi/10.3.1/../../../../arm-none-eabi/lib/thumb/v7e-m+fp/hard\libg.a(lib_a-fiprintf.o)
                0x08009b74                fiprintf
 .text.__fputwc
                0x08009b9c       0xa8 d:/gcc-arm/102021~1.10/bin/../lib/gcc/arm-none-eabi/10.3.1/../../../../arm-none-eabi/lib/thumb/v7e-m+fp/hard\libg.a(lib_a-fputwc.o)
                0x08009b9c                __fputwc
 .text._fputwc_r
                0x08009c44       0x68 d:/gcc-arm/102021~1.10/bin/../lib/gcc/arm-none-eabi/10.3.1/../../../../arm-none-eabi/lib/thumb/v7e-m+fp/hard\libg.a(lib_a-fputwc.o)
                0x08009c44                _fputwc_r
 .text._fstat_r
                0x08009cac       0x2c d:/gcc-arm/102021~1.10/bin/../lib/gcc/arm-none-eabi/10.3.1/../../../../arm-none-eabi/lib/thumb/v7e-m+fp/hard\libg.a(lib_a-fstatr.o)
                0x08009cac                _fstat_r
 .text.__sfvwrite_r
                0x08009cd8      0x2f0 d:/gcc-arm/102021~1.10/bin/../lib/gcc/arm-none-eabi/10.3.1/../../../../arm-none-eabi/lib/thumb/v7e-m+fp/hard\libg.a(lib_a-fvwrite.o)
                0x08009cd8                __sfvwrite_r
 .text._isatty_r
                0x08009fc8       0x24 d:/gcc-arm/102021~1.10/bin/../lib/gcc/arm-none-eabi/10.3.1/../../../../arm-none-eabi/lib/thumb/v7e-m+fp/hard\libg.a(lib_a-isattyr.o)
                0x08009fc8                _isatty_r
 .text.__locale_mb_cur_max
                0x08009fec        0xc d:/gcc-arm/102021~1.10/bin/../lib/gcc/arm-none-eabi/10.3.1/../../../../arm-none-eabi/lib/thumb/v7e-m+fp/hard\libg.a(lib_a-locale.o)
                0x08009fec                __locale_mb_cur_max
 .text._lseek_r
                0x08009ff8       0x2c d:/gcc-arm/102021~1.10/bin/../lib/gcc/arm-none-eabi/10.3.1/../../../../arm-none-eabi/lib/thumb/v7e-m+fp/hard\libg.a(lib_a-lseekr.o)
                0x08009ff8                _lseek_r
 .text.__ascii_mbtowc
                0x0800a024       0x2c d:/gcc-arm/102021~1.10/bin/../lib/gcc/arm-none-eabi/10.3.1/../../../../arm-none-eabi/lib/thumb/v7e-m+fp/hard\libg.a(lib_a-mbtowc_r.o)
                0x0800a024                __ascii_mbtowc
 .text.memmove  0x0800a050       0xf8 d:/gcc-arm/102021~1.10/bin/../lib/gcc/arm-none-eabi/10.3.1/../../../../arm-none-eabi/lib/thumb/v7e-m+fp/hard\libg.a(lib_a-memmove.o)
                0x0800a050                memmove
 .text._read_r  0x0800a148       0x2c d:/gcc-arm/102021~1.10/bin/../lib/gcc/arm-none-eabi/10.3.1/../../../../arm-none-eabi/lib/thumb/v7e-m+fp/hard\libg.a(lib_a-readr.o)
                0x0800a148                _read_r
 .text._realloc_r
                0x0800a174      0x3d8 d:/gcc-arm/102021~1.10/bin/../lib/gcc/arm-none-eabi/10.3.1/../../../../arm-none-eabi/lib/thumb/v7e-m+fp/hard\libg.a(lib_a-reallocr.o)
                0x0800a174                _realloc_r
 .text.__swbuf_r
                0x0800a54c       0xb0 d:/gcc-arm/102021~1.10/bin/../lib/gcc/arm-none-eabi/10.3.1/../../../../arm-none-eabi/lib/thumb/v7e-m+fp/hard\libg.a(lib_a-wbuf.o)
                0x0800a54c                __swbuf_r
 .text._wcrtomb_r
                0x0800a5fc       0x3c d:/gcc-arm/102021~1.10/bin/../lib/gcc/arm-none-eabi/10.3.1/../../../../arm-none-eabi/lib/thumb/v7e-m+fp/hard\libg.a(lib_a-wcrtomb.o)
                0x0800a5fc                _wcrtomb_r
 .text.__ascii_wctomb
                0x0800a638       0x1c d:/gcc-arm/102021~1.10/bin/../lib/gcc/arm-none-eabi/10.3.1/../../../../arm-none-eabi/lib/thumb/v7e-m+fp/hard\libg.a(lib_a-wctomb_r.o)
                0x0800a638                __ascii_wctomb
 .text.abort    0x0800a654       0x10 d:/gcc-arm/102021~1.10/bin/../lib/gcc/arm-none-eabi/10.3.1/../../../../arm-none-eabi/lib/thumb/v7e-m+fp/hard\libg.a(lib_a-abort.o)
                0x0800a654                abort
 .text.raise    0x0800a664       0x5c d:/gcc-arm/102021~1.10/bin/../lib/gcc/arm-none-eabi/10.3.1/../../../../arm-none-eabi/lib/thumb/v7e-m+fp/hard\libg.a(lib_a-signal.o)
                0x0800a664                raise
 .text._kill_r  0x0800a6c0       0x2c d:/gcc-arm/102021~1.10/bin/../lib/gcc/arm-none-eabi/10.3.1/../../../../arm-none-eabi/lib/thumb/v7e-m+fp/hard\libg.a(lib_a-signalr.o)
                0x0800a6c0                _kill_r
 .text._getpid_r
                0x0800a6ec        0x4 d:/gcc-arm/102021~1.10/bin/../lib/gcc/arm-none-eabi/10.3.1/../../../../arm-none-eabi/lib/thumb/v7e-m+fp/hard\libg.a(lib_a-signalr.o)
                0x0800a6ec                _getpid_r
 .text.atan2    0x0800a6f0        0x4 d:/gcc-arm/102021~1.10/bin/../lib/gcc/arm-none-eabi/10.3.1/../../../../arm-none-eabi/lib/thumb/v7e-m+fp/hard\libm.a(lib_a-w_atan2.o)
                0x0800a6f0                atan2
 *fill*         0x0800a6f4        0x4 
 .text.__ieee754_atan2
                0x0800a6f8      0x1ac d:/gcc-arm/102021~1.10/bin/../lib/gcc/arm-none-eabi/10.3.1/../../../../arm-none-eabi/lib/thumb/v7e-m+fp/hard\libm.a(lib_a-e_atan2.o)
                0x0800a6f8                __ieee754_atan2
 *fill*         0x0800a8a4        0x4 
 .text.atan     0x0800a8a8      0x340 d:/gcc-arm/102021~1.10/bin/../lib/gcc/arm-none-eabi/10.3.1/../../../../arm-none-eabi/lib/thumb/v7e-m+fp/hard\libm.a(lib_a-s_atan.o)
                0x0800a8a8                atan
 .text.fabs     0x0800abe8       0x14 d:/gcc-arm/102021~1.10/bin/../lib/gcc/arm-none-eabi/10.3.1/../../../../arm-none-eabi/lib/thumb/v7e-m+fp/hard\libm.a(lib_a-s_fabs.o)
                0x0800abe8                fabs
 *(.glue_7)
 .glue_7        0x0800abfc        0x0 linker stubs
 *(.glue_7t)
 .glue_7t       0x0800abfc        0x0 linker stubs
 *(.eh_frame)
 .eh_frame      0x0800abfc        0x0 d:/gcc-arm/102021~1.10/bin/../lib/gcc/arm-none-eabi/10.3.1/thumb/v7e-m+fp/hard/crtbegin.o
 *(.init)
 .init          0x0800abfc        0x4 d:/gcc-arm/102021~1.10/bin/../lib/gcc/arm-none-eabi/10.3.1/thumb/v7e-m+fp/hard/crti.o
                0x0800abfc                _init
 .init          0x0800ac00        0x8 d:/gcc-arm/102021~1.10/bin/../lib/gcc/arm-none-eabi/10.3.1/thumb/v7e-m+fp/hard/crtn.o
 *(.fini)
 .fini          0x0800ac08        0x4 d:/gcc-arm/102021~1.10/bin/../lib/gcc/arm-none-eabi/10.3.1/thumb/v7e-m+fp/hard/crti.o
                0x0800ac08                _fini
 .fini          0x0800ac0c        0x8 d:/gcc-arm/102021~1.10/bin/../lib/gcc/arm-none-eabi/10.3.1/thumb/v7e-m+fp/hard/crtn.o
                0x0800ac14                . = ALIGN (0x4)
                0x0800ac14                _etext = .

.vfp11_veneer   0x0800ac14        0x0
 .vfp11_veneer  0x0800ac14        0x0 linker stubs

.v4_bx          0x0800ac14        0x0
 .v4_bx         0x0800ac14        0x0 linker stubs

.iplt           0x0800ac14        0x0
 .iplt          0x0800ac14        0x0 d:/gcc-arm/102021~1.10/bin/../lib/gcc/arm-none-eabi/10.3.1/thumb/v7e-m+fp/hard/crtbegin.o

.rodata         0x0800ac18     0x32c0
                0x0800ac18                . = ALIGN (0x4)
 *(.rodata)
 *(.rodata*)
 .rodata.armBitRevIndexTable1024
                0x0800ac18      0xe10 CMakeFiles/ADC+DMA+DSP.elf.dir/CMSIS/DSP/Src/CommonTables/CommonTables.c.obj
                0x0800ac18                armBitRevIndexTable1024
 .rodata.arm_cfft_sR_f32_len1024
                0x0800ba28       0x10 CMakeFiles/ADC+DMA+DSP.elf.dir/CMSIS/DSP/Src/CommonTables/CommonTables.c.obj
                0x0800ba28                arm_cfft_sR_f32_len1024
 .rodata.twiddleCoef_1024
                0x0800ba38     0x2000 CMakeFiles/ADC+DMA+DSP.elf.dir/CMSIS/DSP/Src/CommonTables/CommonTables.c.obj
                0x0800ba38                twiddleCoef_1024
 .rodata.main.str1.4
                0x0800da38        0xd CMakeFiles/ADC+DMA+DSP.elf.dir/Core/Src/main.c.obj
 *fill*         0x0800da45        0x3 
 .rodata.AHBPrescTable
                0x0800da48       0x10 CMakeFiles/ADC+DMA+DSP.elf.dir/Core/Src/system_stm32f4xx.c.obj
                0x0800da48                AHBPrescTable
 .rodata.APBPrescTable
                0x0800da58        0x8 CMakeFiles/ADC+DMA+DSP.elf.dir/Core/Src/system_stm32f4xx.c.obj
                0x0800da58                APBPrescTable
 .rodata.flagBitshiftOffset.0
                0x0800da60        0x8 CMakeFiles/ADC+DMA+DSP.elf.dir/Drivers/STM32F4xx_HAL_Driver/Src/stm32f4xx_hal_dma.c.obj
 .rodata._global_impure_ptr
                0x0800da68        0x4 d:/gcc-arm/102021~1.10/bin/../lib/gcc/arm-none-eabi/10.3.1/../../../../arm-none-eabi/lib/thumb/v7e-m+fp/hard\libg.a(lib_a-impure.o)
                0x0800da68                _global_impure_ptr
 .rodata._vfprintf_r.str1.4
                0x0800da6c       0x42 d:/gcc-arm/102021~1.10/bin/../lib/gcc/arm-none-eabi/10.3.1/../../../../arm-none-eabi/lib/thumb/v7e-m+fp/hard\libg.a(lib_a-vfprintf.o)
 *fill*         0x0800daae        0x2 
 .rodata.blanks.1
                0x0800dab0       0x10 d:/gcc-arm/102021~1.10/bin/../lib/gcc/arm-none-eabi/10.3.1/../../../../arm-none-eabi/lib/thumb/v7e-m+fp/hard\libg.a(lib_a-vfprintf.o)
 .rodata.zeroes.0
                0x0800dac0       0x10 d:/gcc-arm/102021~1.10/bin/../lib/gcc/arm-none-eabi/10.3.1/../../../../arm-none-eabi/lib/thumb/v7e-m+fp/hard\libg.a(lib_a-vfprintf.o)
 .rodata._dtoa_r.str1.4
                0x0800dad0       0xa2 d:/gcc-arm/102021~1.10/bin/../lib/gcc/arm-none-eabi/10.3.1/../../../../arm-none-eabi/lib/thumb/v7e-m+fp/hard\libg.a(lib_a-dtoa.o)
                                 0xa6 (size before relaxing)
 *fill*         0x0800db72        0x2 
 .rodata.__multadd.str1.4
                0x0800db74       0x7f d:/gcc-arm/102021~1.10/bin/../lib/gcc/arm-none-eabi/10.3.1/../../../../arm-none-eabi/lib/thumb/v7e-m+fp/hard\libg.a(lib_a-mprec.o)
                                 0x93 (size before relaxing)
 *fill*         0x0800dbf3        0x5 
 .rodata.__mprec_bigtens
                0x0800dbf8       0x28 d:/gcc-arm/102021~1.10/bin/../lib/gcc/arm-none-eabi/10.3.1/../../../../arm-none-eabi/lib/thumb/v7e-m+fp/hard\libg.a(lib_a-mprec.o)
                0x0800dbf8                __mprec_bigtens
 .rodata.__mprec_tens
                0x0800dc20       0xc8 d:/gcc-arm/102021~1.10/bin/../lib/gcc/arm-none-eabi/10.3.1/../../../../arm-none-eabi/lib/thumb/v7e-m+fp/hard\libg.a(lib_a-mprec.o)
                0x0800dc20                __mprec_tens
 .rodata.p05.0  0x0800dce8        0xc d:/gcc-arm/102021~1.10/bin/../lib/gcc/arm-none-eabi/10.3.1/../../../../arm-none-eabi/lib/thumb/v7e-m+fp/hard\libg.a(lib_a-mprec.o)
 .rodata._vfiprintf_r.str1.4
                0x0800dcf4       0x2f d:/gcc-arm/102021~1.10/bin/../lib/gcc/arm-none-eabi/10.3.1/../../../../arm-none-eabi/lib/thumb/v7e-m+fp/hard\libg.a(lib_a-vfiprintf.o)
 .rodata.blanks.1
                0x0800dcf4       0x10 d:/gcc-arm/102021~1.10/bin/../lib/gcc/arm-none-eabi/10.3.1/../../../../arm-none-eabi/lib/thumb/v7e-m+fp/hard\libg.a(lib_a-vfiprintf.o)
 .rodata.zeroes.0
                0x0800dd04       0x10 d:/gcc-arm/102021~1.10/bin/../lib/gcc/arm-none-eabi/10.3.1/../../../../arm-none-eabi/lib/thumb/v7e-m+fp/hard\libg.a(lib_a-vfiprintf.o)
 .rodata.__assert_func.str1.4
                0x0800dd14       0x3f d:/gcc-arm/102021~1.10/bin/../lib/gcc/arm-none-eabi/10.3.1/../../../../arm-none-eabi/lib/thumb/v7e-m+fp/hard\libg.a(lib_a-assert.o)
                                 0x43 (size before relaxing)
 *fill*         0x0800dd53        0x1 
 .rodata._setlocale_r.str1.4
                0x0800dd54        0xa d:/gcc-arm/102021~1.10/bin/../lib/gcc/arm-none-eabi/10.3.1/../../../../arm-none-eabi/lib/thumb/v7e-m+fp/hard\libg.a(lib_a-locale.o)
                                  0xd (size before relaxing)
 *fill*         0x0800dd5e        0x2 
 .rodata.str1.4
                0x0800dd60        0x2 d:/gcc-arm/102021~1.10/bin/../lib/gcc/arm-none-eabi/10.3.1/../../../../arm-none-eabi/lib/thumb/v7e-m+fp/hard\libg.a(lib_a-locale.o)
 *fill*         0x0800dd62        0x2 
 .rodata._ctype_
                0x0800dd64      0x101 d:/gcc-arm/102021~1.10/bin/../lib/gcc/arm-none-eabi/10.3.1/../../../../arm-none-eabi/lib/thumb/v7e-m+fp/hard\libg.a(lib_a-ctype_.o)
                0x0800dd64                _ctype_
 *fill*         0x0800de65        0x3 
 .rodata.CSWTCH.8
                0x0800de68       0x18 d:/gcc-arm/102021~1.10/bin/../lib/gcc/arm-none-eabi/10.3.1/../../../../arm-none-eabi/lib/thumb/v7e-m+fp/hard\libm.a(lib_a-e_atan2.o)
 .rodata.CSWTCH.9
                0x0800de80       0x18 d:/gcc-arm/102021~1.10/bin/../lib/gcc/arm-none-eabi/10.3.1/../../../../arm-none-eabi/lib/thumb/v7e-m+fp/hard\libm.a(lib_a-e_atan2.o)
 .rodata.atanhi
                0x0800de98       0x20 d:/gcc-arm/102021~1.10/bin/../lib/gcc/arm-none-eabi/10.3.1/../../../../arm-none-eabi/lib/thumb/v7e-m+fp/hard\libm.a(lib_a-s_atan.o)
 .rodata.atanlo
                0x0800deb8       0x20 d:/gcc-arm/102021~1.10/bin/../lib/gcc/arm-none-eabi/10.3.1/../../../../arm-none-eabi/lib/thumb/v7e-m+fp/hard\libm.a(lib_a-s_atan.o)
                0x0800ded8                . = ALIGN (0x4)

.ARM.extab
 *(.ARM.extab* .gnu.linkonce.armextab.*)

.ARM            0x0800ded8        0x8
                0x0800ded8                __exidx_start = .
 *(.ARM.exidx*)
 .ARM.exidx     0x0800ded8        0x8 d:/gcc-arm/102021~1.10/bin/../lib/gcc/arm-none-eabi/10.3.1/thumb/v7e-m+fp/hard\libgcc.a(_udivmoddi4.o)
                0x0800dee0                __exidx_end = .

.rel.dyn        0x0800dee0        0x0
 .rel.iplt      0x0800dee0        0x0 d:/gcc-arm/102021~1.10/bin/../lib/gcc/arm-none-eabi/10.3.1/thumb/v7e-m+fp/hard/crtbegin.o

.preinit_array  0x0800dee0        0x0
                0x0800dee0                PROVIDE (__preinit_array_start = .)
 *(.preinit_array*)
                0x0800dee0                PROVIDE (__preinit_array_end = .)

.init_array     0x0800dee0        0x8
                0x0800dee0                PROVIDE (__init_array_start = .)
 *(SORT_BY_NAME(.init_array.*))
 .init_array.00000
                0x0800dee0        0x4 d:/gcc-arm/102021~1.10/bin/../lib/gcc/arm-none-eabi/10.3.1/../../../../arm-none-eabi/lib/thumb/v7e-m+fp/hard\libg.a(lib_a-__call_atexit.o)
 *(.init_array*)
 .init_array    0x0800dee4        0x4 d:/gcc-arm/102021~1.10/bin/../lib/gcc/arm-none-eabi/10.3.1/thumb/v7e-m+fp/hard/crtbegin.o
                0x0800dee8                PROVIDE (__init_array_end = .)

.fini_array     0x0800dee8        0x4
                0x0800dee8                PROVIDE (__fini_array_start = .)
 *(SORT_BY_NAME(.fini_array.*))
 *(.fini_array*)
 .fini_array    0x0800dee8        0x4 d:/gcc-arm/102021~1.10/bin/../lib/gcc/arm-none-eabi/10.3.1/thumb/v7e-m+fp/hard/crtbegin.o
                0x0800deec                PROVIDE (__fini_array_end = .)
                0x0800deec                _sidata = LOADADDR (.data)

.data           0x20000000      0x9b8 load address 0x0800deec
                0x20000000                . = ALIGN (0x4)
                0x20000000                _sdata = .
 *(.data)
 *(.data*)
 .data.SystemCoreClock
                0x20000000        0x4 CMakeFiles/ADC+DMA+DSP.elf.dir/Core/Src/system_stm32f4xx.c.obj
                0x20000000                SystemCoreClock
 .data.uwTickFreq
                0x20000004        0x1 CMakeFiles/ADC+DMA+DSP.elf.dir/Drivers/STM32F4xx_HAL_Driver/Src/stm32f4xx_hal.c.obj
                0x20000004                uwTickFreq
 *fill*         0x20000005        0x3 
 .data.uwTickPrio
                0x20000008        0x4 CMakeFiles/ADC+DMA+DSP.elf.dir/Drivers/STM32F4xx_HAL_Driver/Src/stm32f4xx_hal.c.obj
                0x20000008                uwTickPrio
 .data._impure_ptr
                0x2000000c        0x4 d:/gcc-arm/102021~1.10/bin/../lib/gcc/arm-none-eabi/10.3.1/../../../../arm-none-eabi/lib/thumb/v7e-m+fp/hard\libg.a(lib_a-impure.o)
                0x2000000c                _impure_ptr
 .data.impure_data
                0x20000010      0x428 d:/gcc-arm/102021~1.10/bin/../lib/gcc/arm-none-eabi/10.3.1/../../../../arm-none-eabi/lib/thumb/v7e-m+fp/hard\libg.a(lib_a-impure.o)
 .data.__atexit_recursive_mutex
                0x20000438        0x4 d:/gcc-arm/102021~1.10/bin/../lib/gcc/arm-none-eabi/10.3.1/../../../../arm-none-eabi/lib/thumb/v7e-m+fp/hard\libg.a(lib_a-__call_atexit.o)
                0x20000438                __atexit_recursive_mutex
 .data.__malloc_av_
                0x2000043c      0x408 d:/gcc-arm/102021~1.10/bin/../lib/gcc/arm-none-eabi/10.3.1/../../../../arm-none-eabi/lib/thumb/v7e-m+fp/hard\libg.a(lib_a-mallocr.o)
                0x2000043c                __malloc_av_
 .data.__malloc_sbrk_base
                0x20000844        0x4 d:/gcc-arm/102021~1.10/bin/../lib/gcc/arm-none-eabi/10.3.1/../../../../arm-none-eabi/lib/thumb/v7e-m+fp/hard\libg.a(lib_a-mallocr.o)
                0x20000844                __malloc_sbrk_base
 .data.__malloc_trim_threshold
                0x20000848        0x4 d:/gcc-arm/102021~1.10/bin/../lib/gcc/arm-none-eabi/10.3.1/../../../../arm-none-eabi/lib/thumb/v7e-m+fp/hard\libg.a(lib_a-mallocr.o)
                0x20000848                __malloc_trim_threshold
 .data.__global_locale
                0x2000084c      0x16c d:/gcc-arm/102021~1.10/bin/../lib/gcc/arm-none-eabi/10.3.1/../../../../arm-none-eabi/lib/thumb/v7e-m+fp/hard\libg.a(lib_a-locale.o)
                0x2000084c                __global_locale
                0x200009b8                . = ALIGN (0x4)
                0x200009b8                _edata = .
                0x0800e8a4                _siccmram = LOADADDR (.ccmram)

.igot.plt       0x200009b8        0x0 load address 0x0800e8a4
 .igot.plt      0x200009b8        0x0 d:/gcc-arm/102021~1.10/bin/../lib/gcc/arm-none-eabi/10.3.1/thumb/v7e-m+fp/hard/crtbegin.o

.ccmram         0x10000000        0x0 load address 0x0800e8a4
                0x10000000                . = ALIGN (0x4)
                0x10000000                _sccmram = .
 *(.ccmram)
 *(.ccmram*)
                0x10000000                . = ALIGN (0x4)
                0x10000000                _eccmram = .
                0x10000000                . = ALIGN (0x4)

.bss            0x200009b8     0x725c
                0x200009b8                _sbss = .
                0x200009b8                __bss_start__ = _sbss
 *(.bss)
 .bss           0x200009b8       0x1c d:/gcc-arm/102021~1.10/bin/../lib/gcc/arm-none-eabi/10.3.1/thumb/v7e-m+fp/hard/crtbegin.o
 *(.bss*)
 .bss.hadc1     0x200009d4       0x48 CMakeFiles/ADC+DMA+DSP.elf.dir/Core/Src/adc.c.obj
                0x200009d4                hadc1
 .bss.hadc3     0x20000a1c       0x48 CMakeFiles/ADC+DMA+DSP.elf.dir/Core/Src/adc.c.obj
                0x20000a1c                hadc3
 .bss.hdma_adc1
                0x20000a64       0x60 CMakeFiles/ADC+DMA+DSP.elf.dir/Core/Src/adc.c.obj
                0x20000a64                hdma_adc1
 .bss.hdma_adc3
                0x20000ac4       0x60 CMakeFiles/ADC+DMA+DSP.elf.dir/Core/Src/adc.c.obj
                0x20000ac4                hdma_adc3
 .bss.AdcConvEnd
                0x20000b24        0x1 CMakeFiles/ADC+DMA+DSP.elf.dir/Core/Src/main.c.obj
                0x20000b24                AdcConvEnd
 *fill*         0x20000b25        0x3 
 .bss.adcBuff_1
                0x20000b28      0x800 CMakeFiles/ADC+DMA+DSP.elf.dir/Core/Src/main.c.obj
                0x20000b28                adcBuff_1
 .bss.adcBuff_3
                0x20001328      0x800 CMakeFiles/ADC+DMA+DSP.elf.dir/Core/Src/main.c.obj
                0x20001328                adcBuff_3
 .bss.fft_inputbuf_1
                0x20001b28     0x2000 CMakeFiles/ADC+DMA+DSP.elf.dir/Core/Src/main.c.obj
                0x20001b28                fft_inputbuf_1
 .bss.fft_inputbuf_3
                0x20003b28     0x2000 CMakeFiles/ADC+DMA+DSP.elf.dir/Core/Src/main.c.obj
                0x20003b28                fft_inputbuf_3
 .bss.fft_outputbuf_1
                0x20005b28     0x1000 CMakeFiles/ADC+DMA+DSP.elf.dir/Core/Src/main.c.obj
                0x20005b28                fft_outputbuf_1
 .bss.fft_outputbuf_3
                0x20006b28     0x1000 CMakeFiles/ADC+DMA+DSP.elf.dir/Core/Src/main.c.obj
                0x20006b28                fft_outputbuf_3
 .bss.theta     0x20007b28        0x4 CMakeFiles/ADC+DMA+DSP.elf.dir/Core/Src/main.c.obj
                0x20007b28                theta
 .bss.theta_1   0x20007b2c        0x4 CMakeFiles/ADC+DMA+DSP.elf.dir/Core/Src/main.c.obj
                0x20007b2c                theta_1
 .bss.theta_3   0x20007b30        0x4 CMakeFiles/ADC+DMA+DSP.elf.dir/Core/Src/main.c.obj
                0x20007b30                theta_3
 .bss.gHuart    0x20007b34        0x4 CMakeFiles/ADC+DMA+DSP.elf.dir/Core/Src/retarget.c.obj
                0x20007b34                gHuart
 .bss.heap_end.0
                0x20007b38        0x4 CMakeFiles/ADC+DMA+DSP.elf.dir/Core/Src/syscalls.c.obj
 .bss.htim3     0x20007b3c       0x48 CMakeFiles/ADC+DMA+DSP.elf.dir/Core/Src/tim.c.obj
                0x20007b3c                htim3
 .bss.huart1    0x20007b84       0x44 CMakeFiles/ADC+DMA+DSP.elf.dir/Core/Src/usart.c.obj
                0x20007b84                huart1
 .bss.uwTick    0x20007bc8        0x4 CMakeFiles/ADC+DMA+DSP.elf.dir/Drivers/STM32F4xx_HAL_Driver/Src/stm32f4xx_hal.c.obj
                0x20007bc8                uwTick
 .bss.__lock___atexit_recursive_mutex
                0x20007bcc        0x1 d:/gcc-arm/102021~1.10/bin/../lib/gcc/arm-none-eabi/10.3.1/../../../../arm-none-eabi/lib/thumb/v7e-m+fp/hard\libg.a(lib_a-lock.o)
                0x20007bcc                __lock___atexit_recursive_mutex
 *fill*         0x20007bcd        0x3 
 .bss.__lock___malloc_recursive_mutex
                0x20007bd0        0x1 d:/gcc-arm/102021~1.10/bin/../lib/gcc/arm-none-eabi/10.3.1/../../../../arm-none-eabi/lib/thumb/v7e-m+fp/hard\libg.a(lib_a-lock.o)
                0x20007bd0                __lock___malloc_recursive_mutex
 *fill*         0x20007bd1        0x3 
 .bss.__lock___sfp_recursive_mutex
                0x20007bd4        0x1 d:/gcc-arm/102021~1.10/bin/../lib/gcc/arm-none-eabi/10.3.1/../../../../arm-none-eabi/lib/thumb/v7e-m+fp/hard\libg.a(lib_a-lock.o)
                0x20007bd4                __lock___sfp_recursive_mutex
 *fill*         0x20007bd5        0x3 
 .bss.__lock___sinit_recursive_mutex
                0x20007bd8        0x1 d:/gcc-arm/102021~1.10/bin/../lib/gcc/arm-none-eabi/10.3.1/../../../../arm-none-eabi/lib/thumb/v7e-m+fp/hard\libg.a(lib_a-lock.o)
                0x20007bd8                __lock___sinit_recursive_mutex
 *fill*         0x20007bd9        0x3 
 .bss.__malloc_current_mallinfo
                0x20007bdc       0x28 d:/gcc-arm/102021~1.10/bin/../lib/gcc/arm-none-eabi/10.3.1/../../../../arm-none-eabi/lib/thumb/v7e-m+fp/hard\libg.a(lib_a-mallocr.o)
                0x20007bdc                __malloc_current_mallinfo
 .bss.__malloc_max_sbrked_mem
                0x20007c04        0x4 d:/gcc-arm/102021~1.10/bin/../lib/gcc/arm-none-eabi/10.3.1/../../../../arm-none-eabi/lib/thumb/v7e-m+fp/hard\libg.a(lib_a-mallocr.o)
                0x20007c04                __malloc_max_sbrked_mem
 .bss.__malloc_max_total_mem
                0x20007c08        0x4 d:/gcc-arm/102021~1.10/bin/../lib/gcc/arm-none-eabi/10.3.1/../../../../arm-none-eabi/lib/thumb/v7e-m+fp/hard\libg.a(lib_a-mallocr.o)
                0x20007c08                __malloc_max_total_mem
 .bss.__malloc_top_pad
                0x20007c0c        0x4 d:/gcc-arm/102021~1.10/bin/../lib/gcc/arm-none-eabi/10.3.1/../../../../arm-none-eabi/lib/thumb/v7e-m+fp/hard\libg.a(lib_a-mallocr.o)
                0x20007c0c                __malloc_top_pad
 .bss.errno     0x20007c10        0x4 d:/gcc-arm/102021~1.10/bin/../lib/gcc/arm-none-eabi/10.3.1/../../../../arm-none-eabi/lib/thumb/v7e-m+fp/hard\libg.a(lib_a-reent.o)
                0x20007c10                errno
 *(COMMON)
                0x20007c14                . = ALIGN (0x4)
                0x20007c14                _ebss = .
                0x20007c14                __bss_end__ = _ebss

._user_heap_stack
                0x20007c14      0x604
                0x20007c18                . = ALIGN (0x8)
 *fill*         0x20007c14        0x4 
                0x20007c18                PROVIDE (end = .)
                [!provide]                PROVIDE (_end = .)
                0x20007e18                . = (. + _Min_Heap_Size)
 *fill*         0x20007c18      0x200 
                0x20008218                . = (. + _Min_Stack_Size)
 *fill*         0x20007e18      0x400 
                0x20008218                . = ALIGN (0x8)

/DISCARD/
 libc.a(*)
 libm.a(*)
 libgcc.a(*)

.ARM.attributes
                0x00000000       0x30
 *(.ARM.attributes)
 .ARM.attributes
                0x00000000       0x1e d:/gcc-arm/102021~1.10/bin/../lib/gcc/arm-none-eabi/10.3.1/thumb/v7e-m+fp/hard/crti.o
 .ARM.attributes
                0x0000001e       0x34 d:/gcc-arm/102021~1.10/bin/../lib/gcc/arm-none-eabi/10.3.1/thumb/v7e-m+fp/hard/crtbegin.o
 .ARM.attributes
                0x00000052       0x34 CMakeFiles/ADC+DMA+DSP.elf.dir/CMSIS/DSP/Src/CommonTables/CommonTables.c.obj
 .ARM.attributes
                0x00000086       0x34 CMakeFiles/ADC+DMA+DSP.elf.dir/CMSIS/DSP/Src/ComplexMathFunctions/ComplexMathFunctions.c.obj
 .ARM.attributes
                0x000000ba       0x34 CMakeFiles/ADC+DMA+DSP.elf.dir/CMSIS/DSP/Src/TransformFunctions/TransformFunctions.c.obj
 .ARM.attributes
                0x000000ee       0x34 CMakeFiles/ADC+DMA+DSP.elf.dir/Core/Src/adc.c.obj
 .ARM.attributes
                0x00000122       0x34 CMakeFiles/ADC+DMA+DSP.elf.dir/Core/Src/dma.c.obj
 .ARM.attributes
                0x00000156       0x34 CMakeFiles/ADC+DMA+DSP.elf.dir/Core/Src/gpio.c.obj
 .ARM.attributes
                0x0000018a       0x34 CMakeFiles/ADC+DMA+DSP.elf.dir/Core/Src/main.c.obj
 .ARM.attributes
                0x000001be       0x34 CMakeFiles/ADC+DMA+DSP.elf.dir/Core/Src/retarget.c.obj
 .ARM.attributes
                0x000001f2       0x34 CMakeFiles/ADC+DMA+DSP.elf.dir/Core/Src/stm32f4xx_hal_msp.c.obj
 .ARM.attributes
                0x00000226       0x34 CMakeFiles/ADC+DMA+DSP.elf.dir/Core/Src/stm32f4xx_it.c.obj
 .ARM.attributes
                0x0000025a       0x34 CMakeFiles/ADC+DMA+DSP.elf.dir/Core/Src/syscalls.c.obj
 .ARM.attributes
                0x0000028e       0x34 CMakeFiles/ADC+DMA+DSP.elf.dir/Core/Src/system_stm32f4xx.c.obj
 .ARM.attributes
                0x000002c2       0x34 CMakeFiles/ADC+DMA+DSP.elf.dir/Core/Src/tim.c.obj
 .ARM.attributes
                0x000002f6       0x34 CMakeFiles/ADC+DMA+DSP.elf.dir/Core/Src/usart.c.obj
 .ARM.attributes
                0x0000032a       0x34 CMakeFiles/ADC+DMA+DSP.elf.dir/Drivers/STM32F4xx_HAL_Driver/Src/stm32f4xx_hal.c.obj
 .ARM.attributes
                0x0000035e       0x34 CMakeFiles/ADC+DMA+DSP.elf.dir/Drivers/STM32F4xx_HAL_Driver/Src/stm32f4xx_hal_adc.c.obj
 .ARM.attributes
                0x00000392       0x34 CMakeFiles/ADC+DMA+DSP.elf.dir/Drivers/STM32F4xx_HAL_Driver/Src/stm32f4xx_hal_cortex.c.obj
 .ARM.attributes
                0x000003c6       0x34 CMakeFiles/ADC+DMA+DSP.elf.dir/Drivers/STM32F4xx_HAL_Driver/Src/stm32f4xx_hal_dma.c.obj
 .ARM.attributes
                0x000003fa       0x34 CMakeFiles/ADC+DMA+DSP.elf.dir/Drivers/STM32F4xx_HAL_Driver/Src/stm32f4xx_hal_gpio.c.obj
 .ARM.attributes
                0x0000042e       0x34 CMakeFiles/ADC+DMA+DSP.elf.dir/Drivers/STM32F4xx_HAL_Driver/Src/stm32f4xx_hal_rcc.c.obj
 .ARM.attributes
                0x00000462       0x34 CMakeFiles/ADC+DMA+DSP.elf.dir/Drivers/STM32F4xx_HAL_Driver/Src/stm32f4xx_hal_tim.c.obj
 .ARM.attributes
                0x00000496       0x34 CMakeFiles/ADC+DMA+DSP.elf.dir/Drivers/STM32F4xx_HAL_Driver/Src/stm32f4xx_hal_tim_ex.c.obj
 .ARM.attributes
                0x000004ca       0x34 CMakeFiles/ADC+DMA+DSP.elf.dir/Drivers/STM32F4xx_HAL_Driver/Src/stm32f4xx_hal_uart.c.obj
 .ARM.attributes
                0x000004fe       0x21 CMakeFiles/ADC+DMA+DSP.elf.dir/startup/startup_stm32f407xx.s.obj
 .ARM.attributes
                0x0000051f       0x1e d:/gcc-arm/102021~1.10/bin/../lib/gcc/arm-none-eabi/10.3.1/thumb/v7e-m+fp/hard\libgcc.a(_arm_addsubdf3.o)
 .ARM.attributes
                0x0000053d       0x1e d:/gcc-arm/102021~1.10/bin/../lib/gcc/arm-none-eabi/10.3.1/thumb/v7e-m+fp/hard\libgcc.a(_arm_muldivdf3.o)
 .ARM.attributes
                0x0000055b       0x1e d:/gcc-arm/102021~1.10/bin/../lib/gcc/arm-none-eabi/10.3.1/thumb/v7e-m+fp/hard\libgcc.a(_arm_cmpdf2.o)
 .ARM.attributes
                0x00000579       0x1e d:/gcc-arm/102021~1.10/bin/../lib/gcc/arm-none-eabi/10.3.1/thumb/v7e-m+fp/hard\libgcc.a(_arm_truncdfsf2.o)
 .ARM.attributes
                0x00000597       0x1e d:/gcc-arm/102021~1.10/bin/../lib/gcc/arm-none-eabi/10.3.1/thumb/v7e-m+fp/hard\libgcc.a(_aeabi_uldivmod.o)
 .ARM.attributes
                0x000005b5       0x34 d:/gcc-arm/102021~1.10/bin/../lib/gcc/arm-none-eabi/10.3.1/thumb/v7e-m+fp/hard\libgcc.a(_udivmoddi4.o)
 .ARM.attributes
                0x000005e9       0x1e d:/gcc-arm/102021~1.10/bin/../lib/gcc/arm-none-eabi/10.3.1/thumb/v7e-m+fp/hard\libgcc.a(_dvmd_tls.o)
 .ARM.attributes
                0x00000607       0x34 d:/gcc-arm/102021~1.10/bin/../lib/gcc/arm-none-eabi/10.3.1/../../../../arm-none-eabi/lib/thumb/v7e-m+fp/hard\libg.a(lib_a-errno.o)
 .ARM.attributes
                0x0000063b       0x34 d:/gcc-arm/102021~1.10/bin/../lib/gcc/arm-none-eabi/10.3.1/../../../../arm-none-eabi/lib/thumb/v7e-m+fp/hard\libg.a(lib_a-impure.o)
 .ARM.attributes
                0x0000066f       0x34 d:/gcc-arm/102021~1.10/bin/../lib/gcc/arm-none-eabi/10.3.1/../../../../arm-none-eabi/lib/thumb/v7e-m+fp/hard\libg.a(lib_a-init.o)
 .ARM.attributes
                0x000006a3       0x34 d:/gcc-arm/102021~1.10/bin/../lib/gcc/arm-none-eabi/10.3.1/../../../../arm-none-eabi/lib/thumb/v7e-m+fp/hard\libg.a(lib_a-memset.o)
 .ARM.attributes
                0x000006d7       0x34 d:/gcc-arm/102021~1.10/bin/../lib/gcc/arm-none-eabi/10.3.1/../../../../arm-none-eabi/lib/thumb/v7e-m+fp/hard\libg.a(lib_a-printf.o)
 .ARM.attributes
                0x0000070b       0x34 d:/gcc-arm/102021~1.10/bin/../lib/gcc/arm-none-eabi/10.3.1/../../../../arm-none-eabi/lib/thumb/v7e-m+fp/hard\libg.a(lib_a-setvbuf.o)
 .ARM.attributes
                0x0000073f       0x34 d:/gcc-arm/102021~1.10/bin/../lib/gcc/arm-none-eabi/10.3.1/../../../../arm-none-eabi/lib/thumb/v7e-m+fp/hard\libg.a(lib_a-vfprintf.o)
 .ARM.attributes
                0x00000773       0x34 d:/gcc-arm/102021~1.10/bin/../lib/gcc/arm-none-eabi/10.3.1/../../../../arm-none-eabi/lib/thumb/v7e-m+fp/hard\libg.a(lib_a-wsetup.o)
 .ARM.attributes
                0x000007a7       0x34 d:/gcc-arm/102021~1.10/bin/../lib/gcc/arm-none-eabi/10.3.1/../../../../arm-none-eabi/lib/thumb/v7e-m+fp/hard\libg.a(lib_a-__call_atexit.o)
 .ARM.attributes
                0x000007db       0x34 d:/gcc-arm/102021~1.10/bin/../lib/gcc/arm-none-eabi/10.3.1/../../../../arm-none-eabi/lib/thumb/v7e-m+fp/hard\libg.a(lib_a-atexit.o)
 .ARM.attributes
                0x0000080f       0x34 d:/gcc-arm/102021~1.10/bin/../lib/gcc/arm-none-eabi/10.3.1/../../../../arm-none-eabi/lib/thumb/v7e-m+fp/hard\libg.a(lib_a-dtoa.o)
 .ARM.attributes
                0x00000843       0x34 d:/gcc-arm/102021~1.10/bin/../lib/gcc/arm-none-eabi/10.3.1/../../../../arm-none-eabi/lib/thumb/v7e-m+fp/hard\libg.a(lib_a-fflush.o)
 .ARM.attributes
                0x00000877       0x34 d:/gcc-arm/102021~1.10/bin/../lib/gcc/arm-none-eabi/10.3.1/../../../../arm-none-eabi/lib/thumb/v7e-m+fp/hard\libg.a(lib_a-findfp.o)
 .ARM.attributes
                0x000008ab       0x34 d:/gcc-arm/102021~1.10/bin/../lib/gcc/arm-none-eabi/10.3.1/../../../../arm-none-eabi/lib/thumb/v7e-m+fp/hard\libg.a(lib_a-fini.o)
 .ARM.attributes
                0x000008df       0x34 d:/gcc-arm/102021~1.10/bin/../lib/gcc/arm-none-eabi/10.3.1/../../../../arm-none-eabi/lib/thumb/v7e-m+fp/hard\libg.a(lib_a-freer.o)
 .ARM.attributes
                0x00000913       0x34 d:/gcc-arm/102021~1.10/bin/../lib/gcc/arm-none-eabi/10.3.1/../../../../arm-none-eabi/lib/thumb/v7e-m+fp/hard\libg.a(lib_a-fwalk.o)
 .ARM.attributes
                0x00000947       0x34 d:/gcc-arm/102021~1.10/bin/../lib/gcc/arm-none-eabi/10.3.1/../../../../arm-none-eabi/lib/thumb/v7e-m+fp/hard\libg.a(lib_a-localeconv.o)
 .ARM.attributes
                0x0000097b       0x34 d:/gcc-arm/102021~1.10/bin/../lib/gcc/arm-none-eabi/10.3.1/../../../../arm-none-eabi/lib/thumb/v7e-m+fp/hard\libg.a(lib_a-lock.o)
 .ARM.attributes
                0x000009af       0x34 d:/gcc-arm/102021~1.10/bin/../lib/gcc/arm-none-eabi/10.3.1/../../../../arm-none-eabi/lib/thumb/v7e-m+fp/hard\libg.a(lib_a-makebuf.o)
 .ARM.attributes
                0x000009e3       0x34 d:/gcc-arm/102021~1.10/bin/../lib/gcc/arm-none-eabi/10.3.1/../../../../arm-none-eabi/lib/thumb/v7e-m+fp/hard\libg.a(lib_a-malloc.o)
 .ARM.attributes
                0x00000a17       0x34 d:/gcc-arm/102021~1.10/bin/../lib/gcc/arm-none-eabi/10.3.1/../../../../arm-none-eabi/lib/thumb/v7e-m+fp/hard\libg.a(lib_a-mallocr.o)
 .ARM.attributes
                0x00000a4b       0x1c d:/gcc-arm/102021~1.10/bin/../lib/gcc/arm-none-eabi/10.3.1/../../../../arm-none-eabi/lib/thumb/v7e-m+fp/hard\libg.a(lib_a-memchr.o)
 .ARM.attributes
                0x00000a67       0x1c d:/gcc-arm/102021~1.10/bin/../lib/gcc/arm-none-eabi/10.3.1/../../../../arm-none-eabi/lib/thumb/v7e-m+fp/hard\libg.a(lib_a-memcpy.o)
 .ARM.attributes
                0x00000a83       0x34 d:/gcc-arm/102021~1.10/bin/../lib/gcc/arm-none-eabi/10.3.1/../../../../arm-none-eabi/lib/thumb/v7e-m+fp/hard\libg.a(lib_a-mlock.o)
 .ARM.attributes
                0x00000ab7       0x34 d:/gcc-arm/102021~1.10/bin/../lib/gcc/arm-none-eabi/10.3.1/../../../../arm-none-eabi/lib/thumb/v7e-m+fp/hard\libg.a(lib_a-mprec.o)
 .ARM.attributes
                0x00000aeb       0x34 d:/gcc-arm/102021~1.10/bin/../lib/gcc/arm-none-eabi/10.3.1/../../../../arm-none-eabi/lib/thumb/v7e-m+fp/hard\libg.a(lib_a-s_frexp.o)
 .ARM.attributes
                0x00000b1f       0x34 d:/gcc-arm/102021~1.10/bin/../lib/gcc/arm-none-eabi/10.3.1/../../../../arm-none-eabi/lib/thumb/v7e-m+fp/hard\libg.a(lib_a-sbrkr.o)
 .ARM.attributes
                0x00000b53       0x34 d:/gcc-arm/102021~1.10/bin/../lib/gcc/arm-none-eabi/10.3.1/../../../../arm-none-eabi/lib/thumb/v7e-m+fp/hard\libg.a(lib_a-stdio.o)
 .ARM.attributes
                0x00000b87       0x1c d:/gcc-arm/102021~1.10/bin/../lib/gcc/arm-none-eabi/10.3.1/../../../../arm-none-eabi/lib/thumb/v7e-m+fp/hard\libg.a(lib_a-strlen.o)
 .ARM.attributes
                0x00000ba3       0x34 d:/gcc-arm/102021~1.10/bin/../lib/gcc/arm-none-eabi/10.3.1/../../../../arm-none-eabi/lib/thumb/v7e-m+fp/hard\libg.a(lib_a-strncpy.o)
 .ARM.attributes
                0x00000bd7       0x34 d:/gcc-arm/102021~1.10/bin/../lib/gcc/arm-none-eabi/10.3.1/../../../../arm-none-eabi/lib/thumb/v7e-m+fp/hard\libg.a(lib_a-vfiprintf.o)
 .ARM.attributes
                0x00000c0b       0x34 d:/gcc-arm/102021~1.10/bin/../lib/gcc/arm-none-eabi/10.3.1/../../../../arm-none-eabi/lib/thumb/v7e-m+fp/hard\libg.a(lib_a-writer.o)
 .ARM.attributes
                0x00000c3f       0x34 d:/gcc-arm/102021~1.10/bin/../lib/gcc/arm-none-eabi/10.3.1/../../../../arm-none-eabi/lib/thumb/v7e-m+fp/hard\libg.a(lib_a-__atexit.o)
 .ARM.attributes
                0x00000c73       0x34 d:/gcc-arm/102021~1.10/bin/../lib/gcc/arm-none-eabi/10.3.1/../../../../arm-none-eabi/lib/thumb/v7e-m+fp/hard\libg.a(lib_a-assert.o)
 .ARM.attributes
                0x00000ca7       0x34 d:/gcc-arm/102021~1.10/bin/../lib/gcc/arm-none-eabi/10.3.1/../../../../arm-none-eabi/lib/thumb/v7e-m+fp/hard\libg.a(lib_a-callocr.o)
 .ARM.attributes
                0x00000cdb       0x34 d:/gcc-arm/102021~1.10/bin/../lib/gcc/arm-none-eabi/10.3.1/../../../../arm-none-eabi/lib/thumb/v7e-m+fp/hard\libg.a(lib_a-closer.o)
 .ARM.attributes
                0x00000d0f       0x34 d:/gcc-arm/102021~1.10/bin/../lib/gcc/arm-none-eabi/10.3.1/../../../../arm-none-eabi/lib/thumb/v7e-m+fp/hard\libg.a(lib_a-fclose.o)
 .ARM.attributes
                0x00000d43       0x34 d:/gcc-arm/102021~1.10/bin/../lib/gcc/arm-none-eabi/10.3.1/../../../../arm-none-eabi/lib/thumb/v7e-m+fp/hard\libg.a(lib_a-fiprintf.o)
 .ARM.attributes
                0x00000d77       0x34 d:/gcc-arm/102021~1.10/bin/../lib/gcc/arm-none-eabi/10.3.1/../../../../arm-none-eabi/lib/thumb/v7e-m+fp/hard\libg.a(lib_a-fputwc.o)
 .ARM.attributes
                0x00000dab       0x34 d:/gcc-arm/102021~1.10/bin/../lib/gcc/arm-none-eabi/10.3.1/../../../../arm-none-eabi/lib/thumb/v7e-m+fp/hard\libg.a(lib_a-fstatr.o)
 .ARM.attributes
                0x00000ddf       0x34 d:/gcc-arm/102021~1.10/bin/../lib/gcc/arm-none-eabi/10.3.1/../../../../arm-none-eabi/lib/thumb/v7e-m+fp/hard\libg.a(lib_a-fvwrite.o)
 .ARM.attributes
                0x00000e13       0x34 d:/gcc-arm/102021~1.10/bin/../lib/gcc/arm-none-eabi/10.3.1/../../../../arm-none-eabi/lib/thumb/v7e-m+fp/hard\libg.a(lib_a-isattyr.o)
 .ARM.attributes
                0x00000e47       0x34 d:/gcc-arm/102021~1.10/bin/../lib/gcc/arm-none-eabi/10.3.1/../../../../arm-none-eabi/lib/thumb/v7e-m+fp/hard\libg.a(lib_a-locale.o)
 .ARM.attributes
                0x00000e7b       0x34 d:/gcc-arm/102021~1.10/bin/../lib/gcc/arm-none-eabi/10.3.1/../../../../arm-none-eabi/lib/thumb/v7e-m+fp/hard\libg.a(lib_a-lseekr.o)
 .ARM.attributes
                0x00000eaf       0x34 d:/gcc-arm/102021~1.10/bin/../lib/gcc/arm-none-eabi/10.3.1/../../../../arm-none-eabi/lib/thumb/v7e-m+fp/hard\libg.a(lib_a-mbtowc_r.o)
 .ARM.attributes
                0x00000ee3       0x34 d:/gcc-arm/102021~1.10/bin/../lib/gcc/arm-none-eabi/10.3.1/../../../../arm-none-eabi/lib/thumb/v7e-m+fp/hard\libg.a(lib_a-memmove.o)
 .ARM.attributes
                0x00000f17       0x34 d:/gcc-arm/102021~1.10/bin/../lib/gcc/arm-none-eabi/10.3.1/../../../../arm-none-eabi/lib/thumb/v7e-m+fp/hard\libg.a(lib_a-readr.o)
 .ARM.attributes
                0x00000f4b       0x34 d:/gcc-arm/102021~1.10/bin/../lib/gcc/arm-none-eabi/10.3.1/../../../../arm-none-eabi/lib/thumb/v7e-m+fp/hard\libg.a(lib_a-reallocr.o)
 .ARM.attributes
                0x00000f7f       0x34 d:/gcc-arm/102021~1.10/bin/../lib/gcc/arm-none-eabi/10.3.1/../../../../arm-none-eabi/lib/thumb/v7e-m+fp/hard\libg.a(lib_a-reent.o)
 .ARM.attributes
                0x00000fb3       0x34 d:/gcc-arm/102021~1.10/bin/../lib/gcc/arm-none-eabi/10.3.1/../../../../arm-none-eabi/lib/thumb/v7e-m+fp/hard\libg.a(lib_a-wbuf.o)
 .ARM.attributes
                0x00000fe7       0x34 d:/gcc-arm/102021~1.10/bin/../lib/gcc/arm-none-eabi/10.3.1/../../../../arm-none-eabi/lib/thumb/v7e-m+fp/hard\libg.a(lib_a-wcrtomb.o)
 .ARM.attributes
                0x0000101b       0x34 d:/gcc-arm/102021~1.10/bin/../lib/gcc/arm-none-eabi/10.3.1/../../../../arm-none-eabi/lib/thumb/v7e-m+fp/hard\libg.a(lib_a-wctomb_r.o)
 .ARM.attributes
                0x0000104f       0x34 d:/gcc-arm/102021~1.10/bin/../lib/gcc/arm-none-eabi/10.3.1/../../../../arm-none-eabi/lib/thumb/v7e-m+fp/hard\libg.a(lib_a-abort.o)
 .ARM.attributes
                0x00001083       0x34 d:/gcc-arm/102021~1.10/bin/../lib/gcc/arm-none-eabi/10.3.1/../../../../arm-none-eabi/lib/thumb/v7e-m+fp/hard\libg.a(lib_a-ctype_.o)
 .ARM.attributes
                0x000010b7       0x34 d:/gcc-arm/102021~1.10/bin/../lib/gcc/arm-none-eabi/10.3.1/../../../../arm-none-eabi/lib/thumb/v7e-m+fp/hard\libg.a(lib_a-signal.o)
 .ARM.attributes
                0x000010eb       0x34 d:/gcc-arm/102021~1.10/bin/../lib/gcc/arm-none-eabi/10.3.1/../../../../arm-none-eabi/lib/thumb/v7e-m+fp/hard\libg.a(lib_a-signalr.o)
 .ARM.attributes
                0x0000111f       0x1e d:/gcc-arm/102021~1.10/bin/../lib/gcc/arm-none-eabi/10.3.1/thumb/v7e-m+fp/hard\libgcc.a(_arm_unorddf2.o)
 .ARM.attributes
                0x0000113d       0x1e d:/gcc-arm/102021~1.10/bin/../lib/gcc/arm-none-eabi/10.3.1/thumb/v7e-m+fp/hard\libgcc.a(_arm_fixdfsi.o)
 .ARM.attributes
                0x0000115b       0x1e d:/gcc-arm/102021~1.10/bin/../lib/gcc/arm-none-eabi/10.3.1/thumb/v7e-m+fp/hard/crtn.o
OUTPUT(ADC+DMA+DSP.elf elf32-littlearm)
LOAD linker stubs
LOAD d:/gcc-arm/102021~1.10/bin/../lib/gcc/arm-none-eabi/10.3.1/../../../../arm-none-eabi/lib/thumb/v7e-m+fp/hard\libc.a
LOAD d:/gcc-arm/102021~1.10/bin/../lib/gcc/arm-none-eabi/10.3.1/../../../../arm-none-eabi/lib/thumb/v7e-m+fp/hard\libm.a
LOAD d:/gcc-arm/102021~1.10/bin/../lib/gcc/arm-none-eabi/10.3.1/thumb/v7e-m+fp/hard\libgcc.a

.debug_info     0x00000000    0x2363b
 .debug_info    0x00000000     0x1dc2 CMakeFiles/ADC+DMA+DSP.elf.dir/CMSIS/DSP/Src/CommonTables/CommonTables.c.obj
 .debug_info    0x00001dc2     0x1404 CMakeFiles/ADC+DMA+DSP.elf.dir/CMSIS/DSP/Src/ComplexMathFunctions/ComplexMathFunctions.c.obj
 .debug_info    0x000031c6     0xbda1 CMakeFiles/ADC+DMA+DSP.elf.dir/CMSIS/DSP/Src/TransformFunctions/TransformFunctions.c.obj
 .debug_info    0x0000ef67      0xbf6 CMakeFiles/ADC+DMA+DSP.elf.dir/Core/Src/adc.c.obj
 .debug_info    0x0000fb5d      0x532 CMakeFiles/ADC+DMA+DSP.elf.dir/Core/Src/dma.c.obj
 .debug_info    0x0001008f      0x2c1 CMakeFiles/ADC+DMA+DSP.elf.dir/Core/Src/gpio.c.obj
 .debug_info    0x00010350     0x168e CMakeFiles/ADC+DMA+DSP.elf.dir/Core/Src/main.c.obj
 .debug_info    0x000119de     0x12ff CMakeFiles/ADC+DMA+DSP.elf.dir/Core/Src/retarget.c.obj
 .debug_info    0x00012cdd      0x2a4 CMakeFiles/ADC+DMA+DSP.elf.dir/Core/Src/stm32f4xx_hal_msp.c.obj
 .debug_info    0x00012f81      0x44c CMakeFiles/ADC+DMA+DSP.elf.dir/Core/Src/stm32f4xx_it.c.obj
 .debug_info    0x000133cd      0x750 CMakeFiles/ADC+DMA+DSP.elf.dir/Core/Src/syscalls.c.obj
 .debug_info    0x00013b1d      0x538 CMakeFiles/ADC+DMA+DSP.elf.dir/Core/Src/system_stm32f4xx.c.obj
 .debug_info    0x00014055      0xa14 CMakeFiles/ADC+DMA+DSP.elf.dir/Core/Src/tim.c.obj
 .debug_info    0x00014a69      0x9ce CMakeFiles/ADC+DMA+DSP.elf.dir/Core/Src/usart.c.obj
 .debug_info    0x00015437      0x9f0 CMakeFiles/ADC+DMA+DSP.elf.dir/Drivers/STM32F4xx_HAL_Driver/Src/stm32f4xx_hal.c.obj
 .debug_info    0x00015e27      0xee1 CMakeFiles/ADC+DMA+DSP.elf.dir/Drivers/STM32F4xx_HAL_Driver/Src/stm32f4xx_hal_adc.c.obj
 .debug_info    0x00016d08     0x1098 CMakeFiles/ADC+DMA+DSP.elf.dir/Drivers/STM32F4xx_HAL_Driver/Src/stm32f4xx_hal_cortex.c.obj
 .debug_info    0x00017da0      0xb3f CMakeFiles/ADC+DMA+DSP.elf.dir/Drivers/STM32F4xx_HAL_Driver/Src/stm32f4xx_hal_dma.c.obj
 .debug_info    0x000188df      0x7b0 CMakeFiles/ADC+DMA+DSP.elf.dir/Drivers/STM32F4xx_HAL_Driver/Src/stm32f4xx_hal_gpio.c.obj
 .debug_info    0x0001908f      0xb03 CMakeFiles/ADC+DMA+DSP.elf.dir/Drivers/STM32F4xx_HAL_Driver/Src/stm32f4xx_hal_rcc.c.obj
 .debug_info    0x00019b92     0x3d5b CMakeFiles/ADC+DMA+DSP.elf.dir/Drivers/STM32F4xx_HAL_Driver/Src/stm32f4xx_hal_tim.c.obj
 .debug_info    0x0001d8ed     0x1ade CMakeFiles/ADC+DMA+DSP.elf.dir/Drivers/STM32F4xx_HAL_Driver/Src/stm32f4xx_hal_tim_ex.c.obj
 .debug_info    0x0001f3cb     0x424e CMakeFiles/ADC+DMA+DSP.elf.dir/Drivers/STM32F4xx_HAL_Driver/Src/stm32f4xx_hal_uart.c.obj
 .debug_info    0x00023619       0x22 CMakeFiles/ADC+DMA+DSP.elf.dir/startup/startup_stm32f407xx.s.obj

.debug_abbrev   0x00000000     0x2fa9
 .debug_abbrev  0x00000000      0x122 CMakeFiles/ADC+DMA+DSP.elf.dir/CMSIS/DSP/Src/CommonTables/CommonTables.c.obj
 .debug_abbrev  0x00000122      0x236 CMakeFiles/ADC+DMA+DSP.elf.dir/CMSIS/DSP/Src/ComplexMathFunctions/ComplexMathFunctions.c.obj
 .debug_abbrev  0x00000358      0x446 CMakeFiles/ADC+DMA+DSP.elf.dir/CMSIS/DSP/Src/TransformFunctions/TransformFunctions.c.obj
 .debug_abbrev  0x0000079e      0x1db CMakeFiles/ADC+DMA+DSP.elf.dir/Core/Src/adc.c.obj
 .debug_abbrev  0x00000979      0x126 CMakeFiles/ADC+DMA+DSP.elf.dir/Core/Src/dma.c.obj
 .debug_abbrev  0x00000a9f       0xd1 CMakeFiles/ADC+DMA+DSP.elf.dir/Core/Src/gpio.c.obj
 .debug_abbrev  0x00000b70      0x25b CMakeFiles/ADC+DMA+DSP.elf.dir/Core/Src/main.c.obj
 .debug_abbrev  0x00000dcb      0x2b4 CMakeFiles/ADC+DMA+DSP.elf.dir/Core/Src/retarget.c.obj
 .debug_abbrev  0x0000107f       0xd1 CMakeFiles/ADC+DMA+DSP.elf.dir/Core/Src/stm32f4xx_hal_msp.c.obj
 .debug_abbrev  0x00001150      0x167 CMakeFiles/ADC+DMA+DSP.elf.dir/Core/Src/stm32f4xx_it.c.obj
 .debug_abbrev  0x000012b7      0x1da CMakeFiles/ADC+DMA+DSP.elf.dir/Core/Src/syscalls.c.obj
 .debug_abbrev  0x00001491      0x119 CMakeFiles/ADC+DMA+DSP.elf.dir/Core/Src/system_stm32f4xx.c.obj
 .debug_abbrev  0x000015aa      0x1c5 CMakeFiles/ADC+DMA+DSP.elf.dir/Core/Src/tim.c.obj
 .debug_abbrev  0x0000176f      0x1da CMakeFiles/ADC+DMA+DSP.elf.dir/Core/Src/usart.c.obj
 .debug_abbrev  0x00001949      0x206 CMakeFiles/ADC+DMA+DSP.elf.dir/Drivers/STM32F4xx_HAL_Driver/Src/stm32f4xx_hal.c.obj
 .debug_abbrev  0x00001b4f      0x23a CMakeFiles/ADC+DMA+DSP.elf.dir/Drivers/STM32F4xx_HAL_Driver/Src/stm32f4xx_hal_adc.c.obj
 .debug_abbrev  0x00001d89      0x36a CMakeFiles/ADC+DMA+DSP.elf.dir/Drivers/STM32F4xx_HAL_Driver/Src/stm32f4xx_hal_cortex.c.obj
 .debug_abbrev  0x000020f3      0x2c2 CMakeFiles/ADC+DMA+DSP.elf.dir/Drivers/STM32F4xx_HAL_Driver/Src/stm32f4xx_hal_dma.c.obj
 .debug_abbrev  0x000023b5      0x1ef CMakeFiles/ADC+DMA+DSP.elf.dir/Drivers/STM32F4xx_HAL_Driver/Src/stm32f4xx_hal_gpio.c.obj
 .debug_abbrev  0x000025a4      0x28a CMakeFiles/ADC+DMA+DSP.elf.dir/Drivers/STM32F4xx_HAL_Driver/Src/stm32f4xx_hal_rcc.c.obj
 .debug_abbrev  0x0000282e      0x22b CMakeFiles/ADC+DMA+DSP.elf.dir/Drivers/STM32F4xx_HAL_Driver/Src/stm32f4xx_hal_tim.c.obj
 .debug_abbrev  0x00002a59      0x241 CMakeFiles/ADC+DMA+DSP.elf.dir/Drivers/STM32F4xx_HAL_Driver/Src/stm32f4xx_hal_tim_ex.c.obj
 .debug_abbrev  0x00002c9a      0x2fd CMakeFiles/ADC+DMA+DSP.elf.dir/Drivers/STM32F4xx_HAL_Driver/Src/stm32f4xx_hal_uart.c.obj
 .debug_abbrev  0x00002f97       0x12 CMakeFiles/ADC+DMA+DSP.elf.dir/startup/startup_stm32f407xx.s.obj

.debug_aranges  0x00000000     0x11e0
 .debug_aranges
                0x00000000       0x18 CMakeFiles/ADC+DMA+DSP.elf.dir/CMSIS/DSP/Src/CommonTables/CommonTables.c.obj
 .debug_aranges
                0x00000018       0xc8 CMakeFiles/ADC+DMA+DSP.elf.dir/CMSIS/DSP/Src/ComplexMathFunctions/ComplexMathFunctions.c.obj
 .debug_aranges
                0x000000e0      0x310 CMakeFiles/ADC+DMA+DSP.elf.dir/CMSIS/DSP/Src/TransformFunctions/TransformFunctions.c.obj
 .debug_aranges
                0x000003f0       0x38 CMakeFiles/ADC+DMA+DSP.elf.dir/Core/Src/adc.c.obj
 .debug_aranges
                0x00000428       0x20 CMakeFiles/ADC+DMA+DSP.elf.dir/Core/Src/dma.c.obj
 .debug_aranges
                0x00000448       0x20 CMakeFiles/ADC+DMA+DSP.elf.dir/Core/Src/gpio.c.obj
 .debug_aranges
                0x00000468       0x30 CMakeFiles/ADC+DMA+DSP.elf.dir/Core/Src/main.c.obj
 .debug_aranges
                0x00000498       0x50 CMakeFiles/ADC+DMA+DSP.elf.dir/Core/Src/retarget.c.obj
 .debug_aranges
                0x000004e8       0x20 CMakeFiles/ADC+DMA+DSP.elf.dir/Core/Src/stm32f4xx_hal_msp.c.obj
 .debug_aranges
                0x00000508       0x70 CMakeFiles/ADC+DMA+DSP.elf.dir/Core/Src/stm32f4xx_it.c.obj
 .debug_aranges
                0x00000578       0x90 CMakeFiles/ADC+DMA+DSP.elf.dir/Core/Src/syscalls.c.obj
 .debug_aranges
                0x00000608       0x28 CMakeFiles/ADC+DMA+DSP.elf.dir/Core/Src/system_stm32f4xx.c.obj
 .debug_aranges
                0x00000630       0x30 CMakeFiles/ADC+DMA+DSP.elf.dir/Core/Src/tim.c.obj
 .debug_aranges
                0x00000660       0x30 CMakeFiles/ADC+DMA+DSP.elf.dir/Core/Src/usart.c.obj
 .debug_aranges
                0x00000690       0xf0 CMakeFiles/ADC+DMA+DSP.elf.dir/Drivers/STM32F4xx_HAL_Driver/Src/stm32f4xx_hal.c.obj
 .debug_aranges
                0x00000780       0xe8 CMakeFiles/ADC+DMA+DSP.elf.dir/Drivers/STM32F4xx_HAL_Driver/Src/stm32f4xx_hal_adc.c.obj
 .debug_aranges
                0x00000868       0xa8 CMakeFiles/ADC+DMA+DSP.elf.dir/Drivers/STM32F4xx_HAL_Driver/Src/stm32f4xx_hal_cortex.c.obj
 .debug_aranges
                0x00000910       0x90 CMakeFiles/ADC+DMA+DSP.elf.dir/Drivers/STM32F4xx_HAL_Driver/Src/stm32f4xx_hal_dma.c.obj
 .debug_aranges
                0x000009a0       0x58 CMakeFiles/ADC+DMA+DSP.elf.dir/Drivers/STM32F4xx_HAL_Driver/Src/stm32f4xx_hal_gpio.c.obj
 .debug_aranges
                0x000009f8       0x88 CMakeFiles/ADC+DMA+DSP.elf.dir/Drivers/STM32F4xx_HAL_Driver/Src/stm32f4xx_hal_rcc.c.obj
 .debug_aranges
                0x00000a80      0x3d0 CMakeFiles/ADC+DMA+DSP.elf.dir/Drivers/STM32F4xx_HAL_Driver/Src/stm32f4xx_hal_tim.c.obj
 .debug_aranges
                0x00000e50      0x168 CMakeFiles/ADC+DMA+DSP.elf.dir/Drivers/STM32F4xx_HAL_Driver/Src/stm32f4xx_hal_tim_ex.c.obj
 .debug_aranges
                0x00000fb8      0x200 CMakeFiles/ADC+DMA+DSP.elf.dir/Drivers/STM32F4xx_HAL_Driver/Src/stm32f4xx_hal_uart.c.obj
 .debug_aranges
                0x000011b8       0x28 CMakeFiles/ADC+DMA+DSP.elf.dir/startup/startup_stm32f407xx.s.obj

.debug_line     0x00000000    0x2026f
 .debug_line    0x00000000      0x1f5 CMakeFiles/ADC+DMA+DSP.elf.dir/CMSIS/DSP/Src/CommonTables/CommonTables.c.obj
 .debug_line    0x000001f5      0xf42 CMakeFiles/ADC+DMA+DSP.elf.dir/CMSIS/DSP/Src/ComplexMathFunctions/ComplexMathFunctions.c.obj
 .debug_line    0x00001137     0xdc15 CMakeFiles/ADC+DMA+DSP.elf.dir/CMSIS/DSP/Src/TransformFunctions/TransformFunctions.c.obj
 .debug_line    0x0000ed4c      0x555 CMakeFiles/ADC+DMA+DSP.elf.dir/Core/Src/adc.c.obj
 .debug_line    0x0000f2a1      0x1da CMakeFiles/ADC+DMA+DSP.elf.dir/Core/Src/dma.c.obj